2018-05-25 17:57:58,450 INFO    : <proxy 127.0.0.1:1080 is unuseable and fail connect>
2018-05-25 17:57:58,473 INFO    : <proxy 127.0.0.1:1011 is unuseable and fail connect>
2018-05-25 17:57:58,474 INFO    : <proxy 127.0.0.1:1013 is unuseable and fail connect>
2018-05-25 17:57:58,476 INFO    : <proxy 127.0.0.1:1012 is unuseable and fail connect>
2018-05-25 17:57:58,478 INFO    : <proxy 127.0.0.1:1015 is unuseable and fail connect>
2018-05-25 17:57:58,478 INFO    : <proxy 127.0.0.1:1016 is unuseable and fail connect>
2018-05-25 17:57:58,479 INFO    : <proxy 127.0.0.1:1014 is unuseable and fail connect>
2018-05-25 17:57:58,480 INFO    : <proxy 127.0.0.1:1017 is unuseable and fail connect>
2018-05-25 17:58:00,489 INFO    : <proxy 127.0.0.1:1021 is unuseable and fail connect>
2018-05-25 17:58:00,490 INFO    : <proxy 127.0.0.1:1019 is unuseable and fail connect>
2018-05-25 17:58:00,490 INFO    : <proxy 127.0.0.1:1020 is unuseable and fail connect>
2018-05-25 17:58:00,491 INFO    : <proxy 127.0.0.1:1022 is unuseable and fail connect>
2018-05-25 17:58:00,491 INFO    : <proxy 127.0.0.1:1023 is unuseable and fail connect>
2018-05-25 17:58:00,492 INFO    : <proxy 127.0.0.1:1025 is unuseable and fail connect>
2018-05-25 17:58:00,492 INFO    : <proxy 127.0.0.1:1024 is unuseable and fail connect>
2018-05-25 17:58:00,492 INFO    : <proxy 127.0.0.1:1018 is unuseable and fail connect>
2018-05-25 17:58:02,555 INFO    : <proxy 127.0.0.1:1027 is unuseable and fail connect>
2018-05-25 17:58:02,556 INFO    : <proxy 127.0.0.1:1028 is unuseable and fail connect>
2018-05-25 17:58:02,557 INFO    : <proxy 127.0.0.1:1029 is unuseable and fail connect>
2018-05-25 17:58:02,557 INFO    : <proxy 127.0.0.1:1026 is unuseable and fail connect>
2018-05-25 17:58:02,717 INFO    : <proxy 127.0.0.1:2080 is unuseable and fail connect>
2018-05-25 17:58:41,338 INFO    : <proxy 127.0.0.1:1011 is unuseable and fail connect>
2018-05-25 17:58:41,341 INFO    : <proxy 127.0.0.1:1014 is unuseable and fail connect>
2018-05-25 17:58:41,344 INFO    : <proxy 127.0.0.1:1013 is unuseable and fail connect>
2018-05-25 17:58:41,347 INFO    : <proxy 127.0.0.1:1016 is unuseable and fail connect>
2018-05-25 17:58:41,349 INFO    : <proxy 127.0.0.1:1015 is unuseable and fail connect>
2018-05-25 17:58:41,351 INFO    : <proxy 127.0.0.1:1012 is unuseable and fail connect>
2018-05-25 17:58:41,354 INFO    : <proxy 127.0.0.1:1017 is unuseable and fail connect>
2018-05-25 17:58:41,444 INFO    : <proxy 127.0.0.1:1080 is unuseable and fail connect>
2018-05-25 17:58:43,457 INFO    : <proxy 127.0.0.1:1024 is unuseable and fail connect>
2018-05-25 17:58:43,462 INFO    : <proxy 127.0.0.1:1023 is unuseable and fail connect>
2018-05-25 17:58:43,464 INFO    : <proxy 127.0.0.1:1021 is unuseable and fail connect>
2018-05-25 17:58:43,467 INFO    : <proxy 127.0.0.1:1018 is unuseable and fail connect>
2018-05-25 17:58:43,470 INFO    : <proxy 127.0.0.1:1022 is unuseable and fail connect>
2018-05-25 17:58:43,472 INFO    : <proxy 127.0.0.1:1025 is unuseable and fail connect>
2018-05-25 17:58:43,475 INFO    : <proxy 127.0.0.1:1020 is unuseable and fail connect>
2018-05-25 17:58:43,477 INFO    : <proxy 127.0.0.1:1019 is unuseable and fail connect>
2018-05-25 17:58:45,486 INFO    : <proxy 127.0.0.1:1026 is unuseable and fail connect>
2018-05-25 17:58:45,489 INFO    : <proxy 127.0.0.1:1027 is unuseable and fail connect>
2018-05-25 17:58:45,491 INFO    : <proxy 127.0.0.1:1028 is unuseable and fail connect>
2018-05-25 17:58:45,494 INFO    : <proxy 127.0.0.1:1029 is unuseable and fail connect>
2018-05-25 17:58:45,700 INFO    : <proxy 127.0.0.1:2080 is unuseable and fail connect>
2018-05-25 17:59:54,687 INFO    : <proxy 127.0.0.1:1015 is unuseable and fail connect>
2018-05-25 17:59:54,689 INFO    : <proxy 127.0.0.1:1013 is unuseable and fail connect>
2018-05-25 17:59:54,692 INFO    : <proxy 127.0.0.1:1016 is unuseable and fail connect>
2018-05-25 17:59:54,693 INFO    : <proxy 127.0.0.1:1014 is unuseable and fail connect>
2018-05-25 17:59:54,696 INFO    : <proxy 127.0.0.1:1018 is unuseable and fail connect>
2018-05-25 17:59:54,699 INFO    : <proxy 127.0.0.1:1012 is unuseable and fail connect>
2018-05-25 17:59:54,701 INFO    : <proxy 127.0.0.1:1017 is unuseable and fail connect>
2018-05-25 17:59:54,704 INFO    : <proxy 127.0.0.1:1011 is unuseable and fail connect>
2018-05-25 17:59:56,713 INFO    : <proxy 127.0.0.1:1019 is unuseable and fail connect>
2018-05-25 17:59:56,716 INFO    : <proxy 127.0.0.1:1022 is unuseable and fail connect>
2018-05-25 17:59:56,718 INFO    : <proxy 127.0.0.1:1020 is unuseable and fail connect>
2018-05-25 17:59:56,722 INFO    : <proxy 127.0.0.1:1021 is unuseable and fail connect>
2018-05-25 17:59:56,725 INFO    : <proxy 127.0.0.1:1023 is unuseable and fail connect>
2018-05-25 17:59:56,727 INFO    : <proxy 127.0.0.1:1024 is unuseable and fail connect>
2018-05-25 17:59:56,730 INFO    : <proxy 127.0.0.1:1026 is unuseable and fail connect>
2018-05-25 17:59:56,733 INFO    : <proxy 127.0.0.1:1025 is unuseable and fail connect>
2018-05-25 17:59:58,746 INFO    : <proxy 127.0.0.1:1028 is unuseable and fail connect>
2018-05-25 17:59:58,748 INFO    : <proxy 127.0.0.1:1033 is unuseable and fail connect>
2018-05-25 17:59:58,750 INFO    : <proxy 127.0.0.1:1027 is unuseable and fail connect>
2018-05-25 17:59:58,753 INFO    : <proxy 127.0.0.1:1030 is unuseable and fail connect>
2018-05-25 17:59:58,755 INFO    : <proxy 127.0.0.1:1034 is unuseable and fail connect>
2018-05-25 17:59:58,758 INFO    : <proxy 127.0.0.1:1031 is unuseable and fail connect>
2018-05-25 17:59:58,761 INFO    : <proxy 127.0.0.1:1032 is unuseable and fail connect>
2018-05-25 17:59:58,764 INFO    : <proxy 127.0.0.1:1029 is unuseable and fail connect>
2018-05-25 18:00:00,775 INFO    : <proxy 127.0.0.1:1035 is unuseable and fail connect>
2018-05-25 18:00:00,778 INFO    : <proxy 127.0.0.1:1039 is unuseable and fail connect>
2018-05-25 18:00:00,780 INFO    : <proxy 127.0.0.1:1038 is unuseable and fail connect>
2018-05-25 18:00:00,783 INFO    : <proxy 127.0.0.1:1036 is unuseable and fail connect>
2018-05-25 18:00:00,786 INFO    : <proxy 127.0.0.1:1040 is unuseable and fail connect>
2018-05-25 18:00:00,787 INFO    : <proxy 127.0.0.1:1041 is unuseable and fail connect>
2018-05-25 18:00:00,790 INFO    : <proxy 127.0.0.1:1042 is unuseable and fail connect>
2018-05-25 18:00:00,792 INFO    : <proxy 127.0.0.1:1037 is unuseable and fail connect>
2018-05-25 18:00:02,802 INFO    : <proxy 127.0.0.1:1044 is unuseable and fail connect>
2018-05-25 18:00:02,805 INFO    : <proxy 127.0.0.1:1046 is unuseable and fail connect>
2018-05-25 18:00:02,808 INFO    : <proxy 127.0.0.1:1043 is unuseable and fail connect>
2018-05-25 18:00:02,812 INFO    : <proxy 127.0.0.1:1047 is unuseable and fail connect>
2018-05-25 18:00:02,814 INFO    : <proxy 127.0.0.1:1045 is unuseable and fail connect>
2018-05-25 18:00:02,817 INFO    : <proxy 127.0.0.1:1049 is unuseable and fail connect>
2018-05-25 18:00:02,819 INFO    : <proxy 127.0.0.1:1050 is unuseable and fail connect>
2018-05-25 18:00:02,823 INFO    : <proxy 127.0.0.1:1048 is unuseable and fail connect>
2018-05-25 18:00:04,833 INFO    : <proxy 127.0.0.1:1052 is unuseable and fail connect>
2018-05-25 18:00:04,835 INFO    : <proxy 127.0.0.1:1053 is unuseable and fail connect>
2018-05-25 18:00:04,838 INFO    : <proxy 127.0.0.1:1057 is unuseable and fail connect>
2018-05-25 18:00:04,842 INFO    : <proxy 127.0.0.1:1058 is unuseable and fail connect>
2018-05-25 18:00:04,846 INFO    : <proxy 127.0.0.1:1054 is unuseable and fail connect>
2018-05-25 18:00:04,849 INFO    : <proxy 127.0.0.1:1051 is unuseable and fail connect>
2018-05-25 18:00:04,853 INFO    : <proxy 127.0.0.1:1056 is unuseable and fail connect>
2018-05-25 18:00:04,857 INFO    : <proxy 127.0.0.1:1055 is unuseable and fail connect>
2018-05-25 18:00:06,866 INFO    : <proxy 127.0.0.1:1059 is unuseable and fail connect>
2018-05-25 18:00:06,869 INFO    : <proxy 127.0.0.1:1062 is unuseable and fail connect>
2018-05-25 18:00:06,872 INFO    : <proxy 127.0.0.1:1061 is unuseable and fail connect>
2018-05-25 18:00:06,875 INFO    : <proxy 127.0.0.1:1065 is unuseable and fail connect>
2018-05-25 18:00:06,878 INFO    : <proxy 127.0.0.1:1063 is unuseable and fail connect>
2018-05-25 18:00:06,880 INFO    : <proxy 127.0.0.1:1066 is unuseable and fail connect>
2018-05-25 18:00:06,882 INFO    : <proxy 127.0.0.1:1064 is unuseable and fail connect>
2018-05-25 18:00:06,889 INFO    : <proxy 127.0.0.1:1060 is unuseable and fail connect>
2018-05-25 18:00:08,898 INFO    : <proxy 127.0.0.1:1067 is unuseable and fail connect>
2018-05-25 18:00:08,901 INFO    : <proxy 127.0.0.1:1073 is unuseable and fail connect>
2018-05-25 18:00:08,903 INFO    : <proxy 127.0.0.1:1071 is unuseable and fail connect>
2018-05-25 18:00:08,905 INFO    : <proxy 127.0.0.1:1074 is unuseable and fail connect>
2018-05-25 18:00:08,907 INFO    : <proxy 127.0.0.1:1069 is unuseable and fail connect>
2018-05-25 18:00:08,910 INFO    : <proxy 127.0.0.1:1070 is unuseable and fail connect>
2018-05-25 18:00:08,912 INFO    : <proxy 127.0.0.1:1072 is unuseable and fail connect>
2018-05-25 18:00:08,914 INFO    : <proxy 127.0.0.1:1068 is unuseable and fail connect>
2018-05-25 18:00:10,927 INFO    : <proxy 127.0.0.1:1075 is unuseable and fail connect>
2018-05-25 18:00:10,929 INFO    : <proxy 127.0.0.1:1076 is unuseable and fail connect>
2018-05-25 18:00:10,931 INFO    : <proxy 127.0.0.1:1078 is unuseable and fail connect>
2018-05-25 18:00:10,934 INFO    : <proxy 127.0.0.1:1077 is unuseable and fail connect>
2018-05-25 18:00:10,937 INFO    : <proxy 127.0.0.1:1081 is unuseable and fail connect>
2018-05-25 18:00:10,939 INFO    : <proxy 127.0.0.1:1079 is unuseable and fail connect>
2018-05-25 18:00:10,941 INFO    : <proxy 127.0.0.1:1082 is unuseable and fail connect>
2018-05-25 18:00:11,037 INFO    : <proxy 127.0.0.1:1080 is unuseable and fail connect>
2018-05-25 18:00:13,047 INFO    : <proxy 127.0.0.1:1084 is unuseable and fail connect>
2018-05-25 18:00:13,050 INFO    : <proxy 127.0.0.1:1087 is unuseable and fail connect>
2018-05-25 18:00:13,053 INFO    : <proxy 127.0.0.1:1083 is unuseable and fail connect>
2018-05-25 18:00:13,055 INFO    : <proxy 127.0.0.1:1089 is unuseable and fail connect>
2018-05-25 18:00:13,058 INFO    : <proxy 127.0.0.1:1086 is unuseable and fail connect>
2018-05-25 18:00:13,061 INFO    : <proxy 127.0.0.1:1090 is unuseable and fail connect>
2018-05-25 18:00:13,064 INFO    : <proxy 127.0.0.1:1088 is unuseable and fail connect>
2018-05-25 18:00:13,067 INFO    : <proxy 127.0.0.1:1085 is unuseable and fail connect>
2018-05-25 18:00:15,080 INFO    : <proxy 127.0.0.1:1093 is unuseable and fail connect>
2018-05-25 18:00:15,082 INFO    : <proxy 127.0.0.1:1096 is unuseable and fail connect>
2018-05-25 18:00:15,084 INFO    : <proxy 127.0.0.1:1097 is unuseable and fail connect>
2018-05-25 18:00:15,086 INFO    : <proxy 127.0.0.1:1094 is unuseable and fail connect>
2018-05-25 18:00:15,088 INFO    : <proxy 127.0.0.1:1091 is unuseable and fail connect>
2018-05-25 18:00:15,089 INFO    : <proxy 127.0.0.1:1092 is unuseable and fail connect>
2018-05-25 18:00:15,091 INFO    : <proxy 127.0.0.1:1095 is unuseable and fail connect>
2018-05-25 18:00:15,093 INFO    : <proxy 127.0.0.1:1098 is unuseable and fail connect>
2018-05-25 18:00:17,101 INFO    : <proxy 127.0.0.1:1099 is unuseable and fail connect>
2018-05-25 18:00:17,696 INFO    : <proxy 127.0.0.1:2080 is unuseable and fail connect>
2018-05-25 18:00:41,367 INFO    : <proxy 127.0.0.1:1013 is unuseable and fail connect>
2018-05-25 18:00:41,370 INFO    : <proxy 127.0.0.1:1015 is unuseable and fail connect>
2018-05-25 18:00:41,373 INFO    : <proxy 127.0.0.1:1016 is unuseable and fail connect>
2018-05-25 18:00:41,375 INFO    : <proxy 127.0.0.1:1018 is unuseable and fail connect>
2018-05-25 18:00:41,378 INFO    : <proxy 127.0.0.1:1011 is unuseable and fail connect>
2018-05-25 18:00:41,380 INFO    : <proxy 127.0.0.1:1012 is unuseable and fail connect>
2018-05-25 18:00:41,383 INFO    : <proxy 127.0.0.1:1014 is unuseable and fail connect>
2018-05-25 18:00:41,386 INFO    : <proxy 127.0.0.1:1017 is unuseable and fail connect>
2018-05-25 18:00:43,399 INFO    : <proxy 127.0.0.1:1020 is unuseable and fail connect>
2018-05-25 18:00:43,403 INFO    : <proxy 127.0.0.1:1026 is unuseable and fail connect>
2018-05-25 18:00:43,407 INFO    : <proxy 127.0.0.1:1021 is unuseable and fail connect>
2018-05-25 18:00:43,410 INFO    : <proxy 127.0.0.1:1022 is unuseable and fail connect>
2018-05-25 18:00:43,413 INFO    : <proxy 127.0.0.1:1023 is unuseable and fail connect>
2018-05-25 18:00:43,415 INFO    : <proxy 127.0.0.1:1019 is unuseable and fail connect>
2018-05-25 18:00:43,418 INFO    : <proxy 127.0.0.1:1024 is unuseable and fail connect>
2018-05-25 18:00:43,421 INFO    : <proxy 127.0.0.1:1025 is unuseable and fail connect>
2018-05-25 18:00:45,431 INFO    : <proxy 127.0.0.1:1027 is unuseable and fail connect>
2018-05-25 18:00:45,433 INFO    : <proxy 127.0.0.1:1030 is unuseable and fail connect>
2018-05-25 18:00:45,435 INFO    : <proxy 127.0.0.1:1029 is unuseable and fail connect>
2018-05-25 18:00:45,437 INFO    : <proxy 127.0.0.1:1032 is unuseable and fail connect>
2018-05-25 18:00:45,441 INFO    : <proxy 127.0.0.1:1034 is unuseable and fail connect>
2018-05-25 18:00:45,447 INFO    : <proxy 127.0.0.1:1033 is unuseable and fail connect>
2018-05-25 18:00:45,450 INFO    : <proxy 127.0.0.1:1028 is unuseable and fail connect>
2018-05-25 18:00:45,452 INFO    : <proxy 127.0.0.1:1031 is unuseable and fail connect>
2018-05-25 18:00:47,463 INFO    : <proxy 127.0.0.1:1036 is unuseable and fail connect>
2018-05-25 18:00:47,466 INFO    : <proxy 127.0.0.1:1042 is unuseable and fail connect>
2018-05-25 18:00:47,469 INFO    : <proxy 127.0.0.1:1035 is unuseable and fail connect>
2018-05-25 18:00:47,472 INFO    : <proxy 127.0.0.1:1037 is unuseable and fail connect>
2018-05-25 18:00:47,475 INFO    : <proxy 127.0.0.1:1038 is unuseable and fail connect>
2018-05-25 18:00:47,478 INFO    : <proxy 127.0.0.1:1039 is unuseable and fail connect>
2018-05-25 18:00:47,480 INFO    : <proxy 127.0.0.1:1040 is unuseable and fail connect>
2018-05-25 18:00:47,482 INFO    : <proxy 127.0.0.1:1041 is unuseable and fail connect>
2018-05-25 18:00:49,493 INFO    : <proxy 127.0.0.1:1043 is unuseable and fail connect>
2018-05-25 18:00:49,496 INFO    : <proxy 127.0.0.1:1048 is unuseable and fail connect>
2018-05-25 18:00:49,499 INFO    : <proxy 127.0.0.1:1045 is unuseable and fail connect>
2018-05-25 18:00:49,501 INFO    : <proxy 127.0.0.1:1044 is unuseable and fail connect>
2018-05-25 18:00:49,505 INFO    : <proxy 127.0.0.1:1050 is unuseable and fail connect>
2018-05-25 18:00:49,507 INFO    : <proxy 127.0.0.1:1049 is unuseable and fail connect>
2018-05-25 18:00:49,509 INFO    : <proxy 127.0.0.1:1047 is unuseable and fail connect>
2018-05-25 18:00:49,513 INFO    : <proxy 127.0.0.1:1046 is unuseable and fail connect>
2018-05-25 18:00:51,523 INFO    : <proxy 127.0.0.1:1051 is unuseable and fail connect>
2018-05-25 18:00:51,525 INFO    : <proxy 127.0.0.1:1058 is unuseable and fail connect>
2018-05-25 18:00:51,529 INFO    : <proxy 127.0.0.1:1056 is unuseable and fail connect>
2018-05-25 18:00:51,532 INFO    : <proxy 127.0.0.1:1055 is unuseable and fail connect>
2018-05-25 18:00:51,534 INFO    : <proxy 127.0.0.1:1057 is unuseable and fail connect>
2018-05-25 18:00:51,536 INFO    : <proxy 127.0.0.1:1052 is unuseable and fail connect>
2018-05-25 18:00:51,539 INFO    : <proxy 127.0.0.1:1053 is unuseable and fail connect>
2018-05-25 18:00:51,542 INFO    : <proxy 127.0.0.1:1054 is unuseable and fail connect>
2018-05-25 18:00:53,553 INFO    : <proxy 127.0.0.1:1059 is unuseable and fail connect>
2018-05-25 18:00:53,556 INFO    : <proxy 127.0.0.1:1063 is unuseable and fail connect>
2018-05-25 18:00:53,559 INFO    : <proxy 127.0.0.1:1062 is unuseable and fail connect>
2018-05-25 18:00:53,561 INFO    : <proxy 127.0.0.1:1064 is unuseable and fail connect>
2018-05-25 18:00:53,563 INFO    : <proxy 127.0.0.1:1061 is unuseable and fail connect>
2018-05-25 18:00:53,567 INFO    : <proxy 127.0.0.1:1065 is unuseable and fail connect>
2018-05-25 18:00:53,569 INFO    : <proxy 127.0.0.1:1060 is unuseable and fail connect>
2018-05-25 18:00:53,572 INFO    : <proxy 127.0.0.1:1066 is unuseable and fail connect>
2018-05-25 18:00:55,579 INFO    : <proxy 127.0.0.1:1067 is unuseable and fail connect>
2018-05-25 18:00:55,582 INFO    : <proxy 127.0.0.1:1069 is unuseable and fail connect>
2018-05-25 18:00:55,584 INFO    : <proxy 127.0.0.1:1073 is unuseable and fail connect>
2018-05-25 18:00:55,587 INFO    : <proxy 127.0.0.1:1074 is unuseable and fail connect>
2018-05-25 18:00:55,589 INFO    : <proxy 127.0.0.1:1068 is unuseable and fail connect>
2018-05-25 18:00:55,592 INFO    : <proxy 127.0.0.1:1071 is unuseable and fail connect>
2018-05-25 18:00:55,595 INFO    : <proxy 127.0.0.1:1072 is unuseable and fail connect>
2018-05-25 18:00:55,597 INFO    : <proxy 127.0.0.1:1070 is unuseable and fail connect>
2018-05-25 18:00:57,589 INFO    : <proxy 127.0.0.1:1080 is unuseable and fail connect>
2018-05-25 18:00:57,605 INFO    : <proxy 127.0.0.1:1077 is unuseable and fail connect>
2018-05-25 18:00:57,607 INFO    : <proxy 127.0.0.1:1081 is unuseable and fail connect>
2018-05-25 18:00:57,609 INFO    : <proxy 127.0.0.1:1075 is unuseable and fail connect>
2018-05-25 18:00:57,611 INFO    : <proxy 127.0.0.1:1076 is unuseable and fail connect>
2018-05-25 18:00:57,613 INFO    : <proxy 127.0.0.1:1082 is unuseable and fail connect>
2018-05-25 18:00:57,617 INFO    : <proxy 127.0.0.1:1078 is unuseable and fail connect>
2018-05-25 18:00:57,620 INFO    : <proxy 127.0.0.1:1079 is unuseable and fail connect>
2018-05-25 18:00:59,627 INFO    : <proxy 127.0.0.1:1083 is unuseable and fail connect>
2018-05-25 18:00:59,630 INFO    : <proxy 127.0.0.1:1087 is unuseable and fail connect>
2018-05-25 18:00:59,633 INFO    : <proxy 127.0.0.1:1086 is unuseable and fail connect>
2018-05-25 18:00:59,635 INFO    : <proxy 127.0.0.1:1090 is unuseable and fail connect>
2018-05-25 18:00:59,637 INFO    : <proxy 127.0.0.1:1089 is unuseable and fail connect>
2018-05-25 18:00:59,640 INFO    : <proxy 127.0.0.1:1088 is unuseable and fail connect>
2018-05-25 18:00:59,642 INFO    : <proxy 127.0.0.1:1084 is unuseable and fail connect>
2018-05-25 18:00:59,644 INFO    : <proxy 127.0.0.1:1085 is unuseable and fail connect>
2018-05-25 18:01:01,654 INFO    : <proxy 127.0.0.1:1093 is unuseable and fail connect>
2018-05-25 18:01:01,657 INFO    : <proxy 127.0.0.1:1095 is unuseable and fail connect>
2018-05-25 18:01:01,660 INFO    : <proxy 127.0.0.1:1094 is unuseable and fail connect>
2018-05-25 18:01:01,662 INFO    : <proxy 127.0.0.1:1092 is unuseable and fail connect>
2018-05-25 18:01:01,664 INFO    : <proxy 127.0.0.1:1096 is unuseable and fail connect>
2018-05-25 18:01:01,667 INFO    : <proxy 127.0.0.1:1097 is unuseable and fail connect>
2018-05-25 18:01:01,669 INFO    : <proxy 127.0.0.1:1091 is unuseable and fail connect>
2018-05-25 18:01:01,671 INFO    : <proxy 127.0.0.1:1098 is unuseable and fail connect>
2018-05-25 18:01:03,677 INFO    : <proxy 127.0.0.1:1099 is unuseable and fail connect>
2018-05-25 18:01:03,694 INFO    : <proxy 127.0.0.1:2080 is unuseable and fail connect>
2018-05-25 18:01:29,114 INFO    : <proxy 127.0.0.1:1011 is unuseable and fail connect>
2018-05-25 18:01:29,117 INFO    : <proxy 127.0.0.1:1013 is unuseable and fail connect>
2018-05-25 18:01:29,120 INFO    : <proxy 127.0.0.1:1014 is unuseable and fail connect>
2018-05-25 18:01:29,123 INFO    : <proxy 127.0.0.1:1017 is unuseable and fail connect>
2018-05-25 18:01:29,124 INFO    : <proxy 127.0.0.1:1012 is unuseable and fail connect>
2018-05-25 18:01:29,127 INFO    : <proxy 127.0.0.1:1015 is unuseable and fail connect>
2018-05-25 18:01:29,129 INFO    : <proxy 127.0.0.1:1016 is unuseable and fail connect>
2018-05-25 18:01:29,131 INFO    : <proxy 127.0.0.1:1018 is unuseable and fail connect>
2018-05-25 18:01:32,141 INFO    : <proxy 127.0.0.1:1019 is unuseable and fail connect>
2018-05-25 18:01:32,143 INFO    : <proxy 127.0.0.1:1020 is unuseable and fail connect>
2018-05-25 18:01:32,145 INFO    : <proxy 127.0.0.1:1021 is unuseable and fail connect>
2018-05-25 18:01:32,148 INFO    : <proxy 127.0.0.1:1022 is unuseable and fail connect>
2018-05-25 18:01:32,150 INFO    : <proxy 127.0.0.1:1025 is unuseable and fail connect>
2018-05-25 18:01:32,153 INFO    : <proxy 127.0.0.1:1026 is unuseable and fail connect>
2018-05-25 18:01:32,155 INFO    : <proxy 127.0.0.1:1023 is unuseable and fail connect>
2018-05-25 18:01:32,161 INFO    : <proxy 127.0.0.1:1024 is unuseable and fail connect>
2018-05-25 18:01:35,173 INFO    : <proxy 127.0.0.1:1027 is unuseable and fail connect>
2018-05-25 18:01:35,186 INFO    : <proxy 127.0.0.1:1033 is unuseable and fail connect>
2018-05-25 18:01:35,190 INFO    : <proxy 127.0.0.1:1029 is unuseable and fail connect>
2018-05-25 18:01:35,194 INFO    : <proxy 127.0.0.1:1030 is unuseable and fail connect>
2018-05-25 18:01:35,198 INFO    : <proxy 127.0.0.1:1031 is unuseable and fail connect>
2018-05-25 18:01:35,200 INFO    : <proxy 127.0.0.1:1028 is unuseable and fail connect>
2018-05-25 18:01:35,202 INFO    : <proxy 127.0.0.1:1034 is unuseable and fail connect>
2018-05-25 18:01:35,205 INFO    : <proxy 127.0.0.1:1032 is unuseable and fail connect>
2018-05-25 18:01:38,215 INFO    : <proxy 127.0.0.1:1040 is unuseable and fail connect>
2018-05-25 18:01:38,218 INFO    : <proxy 127.0.0.1:1035 is unuseable and fail connect>
2018-05-25 18:01:38,220 INFO    : <proxy 127.0.0.1:1037 is unuseable and fail connect>
2018-05-25 18:01:38,223 INFO    : <proxy 127.0.0.1:1038 is unuseable and fail connect>
2018-05-25 18:01:38,227 INFO    : <proxy 127.0.0.1:1036 is unuseable and fail connect>
2018-05-25 18:01:38,230 INFO    : <proxy 127.0.0.1:1039 is unuseable and fail connect>
2018-05-25 18:01:38,233 INFO    : <proxy 127.0.0.1:1041 is unuseable and fail connect>
2018-05-25 18:01:38,236 INFO    : <proxy 127.0.0.1:1042 is unuseable and fail connect>
2018-05-25 18:01:41,247 INFO    : <proxy 127.0.0.1:1048 is unuseable and fail connect>
2018-05-25 18:01:41,249 INFO    : <proxy 127.0.0.1:1045 is unuseable and fail connect>
2018-05-25 18:01:41,251 INFO    : <proxy 127.0.0.1:1043 is unuseable and fail connect>
2018-05-25 18:01:41,253 INFO    : <proxy 127.0.0.1:1046 is unuseable and fail connect>
2018-05-25 18:01:41,256 INFO    : <proxy 127.0.0.1:1047 is unuseable and fail connect>
2018-05-25 18:01:41,258 INFO    : <proxy 127.0.0.1:1049 is unuseable and fail connect>
2018-05-25 18:01:41,261 INFO    : <proxy 127.0.0.1:1050 is unuseable and fail connect>
2018-05-25 18:01:41,264 INFO    : <proxy 127.0.0.1:1044 is unuseable and fail connect>
2018-05-25 18:01:44,271 INFO    : <proxy 127.0.0.1:1051 is unuseable and fail connect>
2018-05-25 18:01:44,275 INFO    : <proxy 127.0.0.1:1057 is unuseable and fail connect>
2018-05-25 18:01:44,277 INFO    : <proxy 127.0.0.1:1054 is unuseable and fail connect>
2018-05-25 18:01:44,281 INFO    : <proxy 127.0.0.1:1055 is unuseable and fail connect>
2018-05-25 18:01:44,283 INFO    : <proxy 127.0.0.1:1058 is unuseable and fail connect>
2018-05-25 18:01:44,285 INFO    : <proxy 127.0.0.1:1052 is unuseable and fail connect>
2018-05-25 18:01:44,288 INFO    : <proxy 127.0.0.1:1056 is unuseable and fail connect>
2018-05-25 18:01:44,291 INFO    : <proxy 127.0.0.1:1053 is unuseable and fail connect>
2018-05-25 18:01:47,302 INFO    : <proxy 127.0.0.1:1060 is unuseable and fail connect>
2018-05-25 18:01:47,304 INFO    : <proxy 127.0.0.1:1059 is unuseable and fail connect>
2018-05-25 18:01:47,308 INFO    : <proxy 127.0.0.1:1064 is unuseable and fail connect>
2018-05-25 18:01:47,309 INFO    : <proxy 127.0.0.1:1066 is unuseable and fail connect>
2018-05-25 18:01:47,311 INFO    : <proxy 127.0.0.1:1065 is unuseable and fail connect>
2018-05-25 18:01:47,315 INFO    : <proxy 127.0.0.1:1061 is unuseable and fail connect>
2018-05-25 18:01:47,317 INFO    : <proxy 127.0.0.1:1063 is unuseable and fail connect>
2018-05-25 18:01:47,318 INFO    : <proxy 127.0.0.1:1062 is unuseable and fail connect>
2018-05-25 18:01:50,329 INFO    : <proxy 127.0.0.1:1071 is unuseable and fail connect>
2018-05-25 18:01:50,334 INFO    : <proxy 127.0.0.1:1068 is unuseable and fail connect>
2018-05-25 18:01:50,336 INFO    : <proxy 127.0.0.1:1067 is unuseable and fail connect>
2018-05-25 18:01:50,339 INFO    : <proxy 127.0.0.1:1070 is unuseable and fail connect>
2018-05-25 18:01:50,341 INFO    : <proxy 127.0.0.1:1072 is unuseable and fail connect>
2018-05-25 18:01:50,343 INFO    : <proxy 127.0.0.1:1073 is unuseable and fail connect>
2018-05-25 18:01:50,346 INFO    : <proxy 127.0.0.1:1074 is unuseable and fail connect>
2018-05-25 18:01:50,349 INFO    : <proxy 127.0.0.1:1069 is unuseable and fail connect>
2018-05-25 18:01:53,361 INFO    : <proxy 127.0.0.1:1075 is unuseable and fail connect>
2018-05-25 18:01:53,365 INFO    : <proxy 127.0.0.1:1077 is unuseable and fail connect>
2018-05-25 18:01:53,368 INFO    : <proxy 127.0.0.1:1078 is unuseable and fail connect>
2018-05-25 18:01:53,370 INFO    : <proxy 127.0.0.1:1076 is unuseable and fail connect>
2018-05-25 18:01:53,373 INFO    : <proxy 127.0.0.1:1081 is unuseable and fail connect>
2018-05-25 18:01:53,375 INFO    : <proxy 127.0.0.1:1079 is unuseable and fail connect>
2018-05-25 18:01:53,378 INFO    : <proxy 127.0.0.1:1082 is unuseable and fail connect>
2018-05-25 18:01:53,481 INFO    : <proxy 127.0.0.1:1080 is unuseable and fail connect>
2018-05-25 18:01:56,490 INFO    : <proxy 127.0.0.1:1084 is unuseable and fail connect>
2018-05-25 18:01:56,494 INFO    : <proxy 127.0.0.1:1085 is unuseable and fail connect>
2018-05-25 18:01:56,496 INFO    : <proxy 127.0.0.1:1087 is unuseable and fail connect>
2018-05-25 18:01:56,499 INFO    : <proxy 127.0.0.1:1083 is unuseable and fail connect>
2018-05-25 18:01:56,502 INFO    : <proxy 127.0.0.1:1088 is unuseable and fail connect>
2018-05-25 18:01:56,505 INFO    : <proxy 127.0.0.1:1089 is unuseable and fail connect>
2018-05-25 18:01:56,508 INFO    : <proxy 127.0.0.1:1086 is unuseable and fail connect>
2018-05-25 18:01:56,510 INFO    : <proxy 127.0.0.1:1090 is unuseable and fail connect>
2018-05-25 18:01:59,522 INFO    : <proxy 127.0.0.1:1092 is unuseable and fail connect>
2018-05-25 18:01:59,525 INFO    : <proxy 127.0.0.1:1093 is unuseable and fail connect>
2018-05-25 18:01:59,528 INFO    : <proxy 127.0.0.1:1091 is unuseable and fail connect>
2018-05-25 18:01:59,529 INFO    : <proxy 127.0.0.1:1096 is unuseable and fail connect>
2018-05-25 18:01:59,532 INFO    : <proxy 127.0.0.1:1095 is unuseable and fail connect>
2018-05-25 18:01:59,534 INFO    : <proxy 127.0.0.1:1094 is unuseable and fail connect>
2018-05-25 18:01:59,535 INFO    : <proxy 127.0.0.1:1098 is unuseable and fail connect>
2018-05-25 18:01:59,537 INFO    : <proxy 127.0.0.1:1097 is unuseable and fail connect>
2018-05-25 18:02:02,541 INFO    : <proxy 127.0.0.1:1099 is unuseable and fail connect>
2018-05-25 18:02:02,661 INFO    : <proxy 127.0.0.1:2080 is unuseable and fail connect>
2018-05-25 18:03:51,588 INFO    : <proxy 127.0.0.1:1011 is unuseable and fail connect>
2018-05-25 18:03:51,592 INFO    : <proxy 127.0.0.1:1013 is unuseable and fail connect>
2018-05-25 18:03:51,599 INFO    : <proxy 127.0.0.1:1012 is unuseable and fail connect>
2018-05-25 18:03:51,601 INFO    : <proxy 127.0.0.1:1014 is unuseable and fail connect>
2018-05-25 18:03:51,603 INFO    : <proxy 127.0.0.1:1018 is unuseable and fail connect>
2018-05-25 18:03:51,607 INFO    : <proxy 127.0.0.1:1016 is unuseable and fail connect>
2018-05-25 18:03:51,611 INFO    : <proxy 127.0.0.1:1022 is unuseable and fail connect>
2018-05-25 18:03:51,613 INFO    : <proxy 127.0.0.1:1020 is unuseable and fail connect>
2018-05-25 18:03:51,616 INFO    : <proxy 127.0.0.1:1015 is unuseable and fail connect>
2018-05-25 18:03:51,618 INFO    : <proxy 127.0.0.1:1017 is unuseable and fail connect>
2018-05-25 18:03:51,621 INFO    : <proxy 127.0.0.1:1024 is unuseable and fail connect>
2018-05-25 18:03:51,624 INFO    : <proxy 127.0.0.1:1025 is unuseable and fail connect>
2018-05-25 18:03:51,627 INFO    : <proxy 127.0.0.1:1026 is unuseable and fail connect>
2018-05-25 18:03:51,630 INFO    : <proxy 127.0.0.1:1021 is unuseable and fail connect>
2018-05-25 18:03:51,636 INFO    : <proxy 127.0.0.1:1019 is unuseable and fail connect>
2018-05-25 18:03:51,639 INFO    : <proxy 127.0.0.1:1023 is unuseable and fail connect>
2018-05-25 18:03:55,654 INFO    : <proxy 127.0.0.1:1029 is unuseable and fail connect>
2018-05-25 18:03:55,659 INFO    : <proxy 127.0.0.1:1030 is unuseable and fail connect>
2018-05-25 18:03:55,662 INFO    : <proxy 127.0.0.1:1034 is unuseable and fail connect>
2018-05-25 18:03:55,664 INFO    : <proxy 127.0.0.1:1035 is unuseable and fail connect>
2018-05-25 18:03:55,666 INFO    : <proxy 127.0.0.1:1039 is unuseable and fail connect>
2018-05-25 18:03:55,669 INFO    : <proxy 127.0.0.1:1038 is unuseable and fail connect>
2018-05-25 18:03:55,671 INFO    : <proxy 127.0.0.1:1033 is unuseable and fail connect>
2018-05-25 18:03:55,675 INFO    : <proxy 127.0.0.1:1037 is unuseable and fail connect>
2018-05-25 18:03:55,678 INFO    : <proxy 127.0.0.1:1028 is unuseable and fail connect>
2018-05-25 18:03:55,680 INFO    : <proxy 127.0.0.1:1032 is unuseable and fail connect>
2018-05-25 18:03:55,683 INFO    : <proxy 127.0.0.1:1036 is unuseable and fail connect>
2018-05-25 18:03:55,688 INFO    : <proxy 127.0.0.1:1040 is unuseable and fail connect>
2018-05-25 18:03:55,690 INFO    : <proxy 127.0.0.1:1031 is unuseable and fail connect>
2018-05-25 18:03:55,692 INFO    : <proxy 127.0.0.1:1027 is unuseable and fail connect>
2018-05-25 18:03:55,694 INFO    : <proxy 127.0.0.1:1042 is unuseable and fail connect>
2018-05-25 18:03:55,696 INFO    : <proxy 127.0.0.1:1041 is unuseable and fail connect>
2018-05-25 18:03:59,710 INFO    : <proxy 127.0.0.1:1044 is unuseable and fail connect>
2018-05-25 18:03:59,713 INFO    : <proxy 127.0.0.1:1045 is unuseable and fail connect>
2018-05-25 18:03:59,716 INFO    : <proxy 127.0.0.1:1047 is unuseable and fail connect>
2018-05-25 18:03:59,720 INFO    : <proxy 127.0.0.1:1048 is unuseable and fail connect>
2018-05-25 18:03:59,722 INFO    : <proxy 127.0.0.1:1049 is unuseable and fail connect>
2018-05-25 18:03:59,724 INFO    : <proxy 127.0.0.1:1043 is unuseable and fail connect>
2018-05-25 18:03:59,728 INFO    : <proxy 127.0.0.1:1050 is unuseable and fail connect>
2018-05-25 18:03:59,732 INFO    : <proxy 127.0.0.1:1046 is unuseable and fail connect>
2018-05-25 18:03:59,735 INFO    : <proxy 127.0.0.1:1053 is unuseable and fail connect>
2018-05-25 18:03:59,738 INFO    : <proxy 127.0.0.1:1054 is unuseable and fail connect>
2018-05-25 18:03:59,741 INFO    : <proxy 127.0.0.1:1055 is unuseable and fail connect>
2018-05-25 18:03:59,744 INFO    : <proxy 127.0.0.1:1056 is unuseable and fail connect>
2018-05-25 18:03:59,747 INFO    : <proxy 127.0.0.1:1057 is unuseable and fail connect>
2018-05-25 18:03:59,750 INFO    : <proxy 127.0.0.1:1058 is unuseable and fail connect>
2018-05-25 18:03:59,753 INFO    : <proxy 127.0.0.1:1051 is unuseable and fail connect>
2018-05-25 18:03:59,756 INFO    : <proxy 127.0.0.1:1052 is unuseable and fail connect>
2018-05-25 18:04:03,769 INFO    : <proxy 127.0.0.1:1060 is unuseable and fail connect>
2018-05-25 18:04:03,772 INFO    : <proxy 127.0.0.1:1067 is unuseable and fail connect>
2018-05-25 18:04:03,775 INFO    : <proxy 127.0.0.1:1061 is unuseable and fail connect>
2018-05-25 18:04:03,778 INFO    : <proxy 127.0.0.1:1065 is unuseable and fail connect>
2018-05-25 18:04:03,781 INFO    : <proxy 127.0.0.1:1064 is unuseable and fail connect>
2018-05-25 18:04:03,784 INFO    : <proxy 127.0.0.1:1063 is unuseable and fail connect>
2018-05-25 18:04:03,786 INFO    : <proxy 127.0.0.1:1059 is unuseable and fail connect>
2018-05-25 18:04:03,789 INFO    : <proxy 127.0.0.1:1062 is unuseable and fail connect>
2018-05-25 18:04:03,792 INFO    : <proxy 127.0.0.1:1068 is unuseable and fail connect>
2018-05-25 18:04:03,795 INFO    : <proxy 127.0.0.1:1069 is unuseable and fail connect>
2018-05-25 18:04:03,800 INFO    : <proxy 127.0.0.1:1070 is unuseable and fail connect>
2018-05-25 18:04:03,803 INFO    : <proxy 127.0.0.1:1071 is unuseable and fail connect>
2018-05-25 18:04:03,806 INFO    : <proxy 127.0.0.1:1072 is unuseable and fail connect>
2018-05-25 18:04:03,810 INFO    : <proxy 127.0.0.1:1073 is unuseable and fail connect>
2018-05-25 18:04:03,812 INFO    : <proxy 127.0.0.1:1074 is unuseable and fail connect>
2018-05-25 18:04:03,816 INFO    : <proxy 127.0.0.1:1066 is unuseable and fail connect>
2018-05-25 18:04:07,832 INFO    : <proxy 127.0.0.1:1075 is unuseable and fail connect>
2018-05-25 18:04:07,836 INFO    : <proxy 127.0.0.1:1083 is unuseable and fail connect>
2018-05-25 18:04:07,837 INFO    : <proxy 127.0.0.1:1081 is unuseable and fail connect>
2018-05-25 18:04:07,839 INFO    : <proxy 127.0.0.1:1076 is unuseable and fail connect>
2018-05-25 18:04:07,841 INFO    : <proxy 127.0.0.1:1077 is unuseable and fail connect>
2018-05-25 18:04:07,844 INFO    : <proxy 127.0.0.1:1078 is unuseable and fail connect>
2018-05-25 18:04:07,846 INFO    : <proxy 127.0.0.1:1085 is unuseable and fail connect>
2018-05-25 18:04:07,849 INFO    : <proxy 127.0.0.1:1084 is unuseable and fail connect>
2018-05-25 18:04:07,851 INFO    : <proxy 127.0.0.1:1087 is unuseable and fail connect>
2018-05-25 18:04:07,853 INFO    : <proxy 127.0.0.1:1079 is unuseable and fail connect>
2018-05-25 18:04:07,856 INFO    : <proxy 127.0.0.1:1082 is unuseable and fail connect>
2018-05-25 18:04:07,858 INFO    : <proxy 127.0.0.1:1088 is unuseable and fail connect>
2018-05-25 18:04:07,860 INFO    : <proxy 127.0.0.1:1086 is unuseable and fail connect>
2018-05-25 18:04:07,862 INFO    : <proxy 127.0.0.1:1089 is unuseable and fail connect>
2018-05-25 18:04:07,865 INFO    : <proxy 127.0.0.1:1090 is unuseable and fail connect>
2018-05-25 18:04:07,948 INFO    : <proxy 127.0.0.1:1080 is unuseable and fail connect>
2018-05-25 18:04:11,966 INFO    : <proxy 127.0.0.1:1091 is unuseable and fail connect>
2018-05-25 18:04:11,969 INFO    : <proxy 127.0.0.1:1095 is unuseable and fail connect>
2018-05-25 18:04:11,970 INFO    : <proxy 127.0.0.1:1092 is unuseable and fail connect>
2018-05-25 18:04:11,973 INFO    : <proxy 127.0.0.1:1097 is unuseable and fail connect>
2018-05-25 18:04:11,975 INFO    : <proxy 127.0.0.1:1094 is unuseable and fail connect>
2018-05-25 18:04:11,978 INFO    : <proxy 127.0.0.1:1098 is unuseable and fail connect>
2018-05-25 18:04:11,980 INFO    : <proxy 127.0.0.1:1099 is unuseable and fail connect>
2018-05-25 18:04:11,983 INFO    : <proxy 127.0.0.1:1093 is unuseable and fail connect>
2018-05-25 18:04:11,985 INFO    : <proxy 127.0.0.1:1096 is unuseable and fail connect>
2018-05-25 18:04:12,644 INFO    : <proxy 127.0.0.1:2080 is useable>
2018-05-25 18:10:44,239 INFO    : <proxy 127.0.0.1:1011 is unuseable and fail connect>
2018-05-25 18:10:44,242 INFO    : <proxy 127.0.0.1:1013 is unuseable and fail connect>
2018-05-25 18:10:44,244 INFO    : <proxy 127.0.0.1:1012 is unuseable and fail connect>
2018-05-25 18:10:44,248 INFO    : <proxy 127.0.0.1:1016 is unuseable and fail connect>
2018-05-25 18:10:44,251 INFO    : <proxy 127.0.0.1:1021 is unuseable and fail connect>
2018-05-25 18:10:44,252 INFO    : <proxy 127.0.0.1:1023 is unuseable and fail connect>
2018-05-25 18:10:44,255 INFO    : <proxy 127.0.0.1:1014 is unuseable and fail connect>
2018-05-25 18:10:44,258 INFO    : <proxy 127.0.0.1:1019 is unuseable and fail connect>
2018-05-25 18:10:44,262 INFO    : <proxy 127.0.0.1:1015 is unuseable and fail connect>
2018-05-25 18:10:44,263 INFO    : <proxy 127.0.0.1:1017 is unuseable and fail connect>
2018-05-25 18:10:44,266 INFO    : <proxy 127.0.0.1:1018 is unuseable and fail connect>
2018-05-25 18:10:44,268 INFO    : <proxy 127.0.0.1:1024 is unuseable and fail connect>
2018-05-25 18:10:44,271 INFO    : <proxy 127.0.0.1:1025 is unuseable and fail connect>
2018-05-25 18:10:44,272 INFO    : <proxy 127.0.0.1:1026 is unuseable and fail connect>
2018-05-25 18:10:44,274 INFO    : <proxy 127.0.0.1:1022 is unuseable and fail connect>
2018-05-25 18:10:44,277 INFO    : <proxy 127.0.0.1:1020 is unuseable and fail connect>
2018-05-25 18:10:48,290 INFO    : <proxy 127.0.0.1:1029 is unuseable and fail connect>
2018-05-25 18:10:48,292 INFO    : <proxy 127.0.0.1:1035 is unuseable and fail connect>
2018-05-25 18:10:48,295 INFO    : <proxy 127.0.0.1:1028 is unuseable and fail connect>
2018-05-25 18:10:48,297 INFO    : <proxy 127.0.0.1:1027 is unuseable and fail connect>
2018-05-25 18:10:48,301 INFO    : <proxy 127.0.0.1:1030 is unuseable and fail connect>
2018-05-25 18:10:48,302 INFO    : <proxy 127.0.0.1:1031 is unuseable and fail connect>
2018-05-25 18:10:48,304 INFO    : <proxy 127.0.0.1:1032 is unuseable and fail connect>
2018-05-25 18:10:48,306 INFO    : <proxy 127.0.0.1:1033 is unuseable and fail connect>
2018-05-25 18:10:48,309 INFO    : <proxy 127.0.0.1:1034 is unuseable and fail connect>
2018-05-25 18:10:48,311 INFO    : <proxy 127.0.0.1:1037 is unuseable and fail connect>
2018-05-25 18:10:48,313 INFO    : <proxy 127.0.0.1:1036 is unuseable and fail connect>
2018-05-25 18:10:48,315 INFO    : <proxy 127.0.0.1:1038 is unuseable and fail connect>
2018-05-25 18:10:48,318 INFO    : <proxy 127.0.0.1:1039 is unuseable and fail connect>
2018-05-25 18:10:48,320 INFO    : <proxy 127.0.0.1:1040 is unuseable and fail connect>
2018-05-25 18:10:48,324 INFO    : <proxy 127.0.0.1:1041 is unuseable and fail connect>
2018-05-25 18:10:48,326 INFO    : <proxy 127.0.0.1:1042 is unuseable and fail connect>
2018-05-25 18:10:52,343 INFO    : <proxy 127.0.0.1:1053 is unuseable and fail connect>
2018-05-25 18:10:52,350 INFO    : <proxy 127.0.0.1:1047 is unuseable and fail connect>
2018-05-25 18:10:52,359 INFO    : <proxy 127.0.0.1:1046 is unuseable and fail connect>
2018-05-25 18:10:52,362 INFO    : <proxy 127.0.0.1:1052 is unuseable and fail connect>
2018-05-25 18:10:52,364 INFO    : <proxy 127.0.0.1:1056 is unuseable and fail connect>
2018-05-25 18:10:52,369 INFO    : <proxy 127.0.0.1:1045 is unuseable and fail connect>
2018-05-25 18:10:52,371 INFO    : <proxy 127.0.0.1:1051 is unuseable and fail connect>
2018-05-25 18:10:52,373 INFO    : <proxy 127.0.0.1:1044 is unuseable and fail connect>
2018-05-25 18:10:52,376 INFO    : <proxy 127.0.0.1:1050 is unuseable and fail connect>
2018-05-25 18:10:52,379 INFO    : <proxy 127.0.0.1:1043 is unuseable and fail connect>
2018-05-25 18:10:52,381 INFO    : <proxy 127.0.0.1:1049 is unuseable and fail connect>
2018-05-25 18:10:52,382 INFO    : <proxy 127.0.0.1:1055 is unuseable and fail connect>
2018-05-25 18:10:52,385 INFO    : <proxy 127.0.0.1:1058 is unuseable and fail connect>
2018-05-25 18:10:52,388 INFO    : <proxy 127.0.0.1:1054 is unuseable and fail connect>
2018-05-25 18:10:52,391 INFO    : <proxy 127.0.0.1:1048 is unuseable and fail connect>
2018-05-25 18:10:52,394 INFO    : <proxy 127.0.0.1:1057 is unuseable and fail connect>
2018-05-25 18:10:56,408 INFO    : <proxy 127.0.0.1:1060 is unuseable and fail connect>
2018-05-25 18:10:56,411 INFO    : <proxy 127.0.0.1:1065 is unuseable and fail connect>
2018-05-25 18:10:56,414 INFO    : <proxy 127.0.0.1:1067 is unuseable and fail connect>
2018-05-25 18:10:56,416 INFO    : <proxy 127.0.0.1:1061 is unuseable and fail connect>
2018-05-25 18:10:56,418 INFO    : <proxy 127.0.0.1:1071 is unuseable and fail connect>
2018-05-25 18:10:56,419 INFO    : <proxy 127.0.0.1:1062 is unuseable and fail connect>
2018-05-25 18:10:56,421 INFO    : <proxy 127.0.0.1:1069 is unuseable and fail connect>
2018-05-25 18:10:56,423 INFO    : <proxy 127.0.0.1:1064 is unuseable and fail connect>
2018-05-25 18:10:56,425 INFO    : <proxy 127.0.0.1:1059 is unuseable and fail connect>
2018-05-25 18:10:56,428 INFO    : <proxy 127.0.0.1:1068 is unuseable and fail connect>
2018-05-25 18:10:56,430 INFO    : <proxy 127.0.0.1:1072 is unuseable and fail connect>
2018-05-25 18:10:56,431 INFO    : <proxy 127.0.0.1:1073 is unuseable and fail connect>
2018-05-25 18:10:56,433 INFO    : <proxy 127.0.0.1:1063 is unuseable and fail connect>
2018-05-25 18:10:56,436 INFO    : <proxy 127.0.0.1:1070 is unuseable and fail connect>
2018-05-25 18:10:56,438 INFO    : <proxy 127.0.0.1:1066 is unuseable and fail connect>
2018-05-25 18:10:56,443 INFO    : <proxy 127.0.0.1:1074 is unuseable and fail connect>
2018-05-25 18:11:00,456 INFO    : <proxy 127.0.0.1:1076 is unuseable and fail connect>
2018-05-25 18:11:00,460 INFO    : <proxy 127.0.0.1:1081 is unuseable and fail connect>
2018-05-25 18:11:00,462 INFO    : <proxy 127.0.0.1:1075 is unuseable and fail connect>
2018-05-25 18:11:00,464 INFO    : <proxy 127.0.0.1:1078 is unuseable and fail connect>
2018-05-25 18:11:00,467 INFO    : <proxy 127.0.0.1:1086 is unuseable and fail connect>
2018-05-25 18:11:00,469 INFO    : <proxy 127.0.0.1:1077 is unuseable and fail connect>
2018-05-25 18:11:00,471 INFO    : <proxy 127.0.0.1:1084 is unuseable and fail connect>
2018-05-25 18:11:00,474 INFO    : <proxy 127.0.0.1:1082 is unuseable and fail connect>
2018-05-25 18:11:00,476 INFO    : <proxy 127.0.0.1:1085 is unuseable and fail connect>
2018-05-25 18:11:00,478 INFO    : <proxy 127.0.0.1:1079 is unuseable and fail connect>
2018-05-25 18:11:00,481 INFO    : <proxy 127.0.0.1:1087 is unuseable and fail connect>
2018-05-25 18:11:00,483 INFO    : <proxy 127.0.0.1:1083 is unuseable and fail connect>
2018-05-25 18:11:00,485 INFO    : <proxy 127.0.0.1:1088 is unuseable and fail connect>
2018-05-25 18:11:00,488 INFO    : <proxy 127.0.0.1:1089 is unuseable and fail connect>
2018-05-25 18:11:00,490 INFO    : <proxy 127.0.0.1:1090 is unuseable and fail connect>
2018-05-25 18:11:00,574 INFO    : <proxy 127.0.0.1:1080 is unuseable and fail connect>
2018-05-25 18:11:04,599 INFO    : <proxy 127.0.0.1:1092 is unuseable and fail connect>
2018-05-25 18:11:04,603 INFO    : <proxy 127.0.0.1:1096 is unuseable and fail connect>
2018-05-25 18:11:04,605 INFO    : <proxy 127.0.0.1:1094 is unuseable and fail connect>
2018-05-25 18:11:04,607 INFO    : <proxy 127.0.0.1:1093 is unuseable and fail connect>
2018-05-25 18:11:04,609 INFO    : <proxy 127.0.0.1:1095 is unuseable and fail connect>
2018-05-25 18:11:04,611 INFO    : <proxy 127.0.0.1:1098 is unuseable and fail connect>
2018-05-25 18:11:04,615 INFO    : <proxy 127.0.0.1:1097 is unuseable and fail connect>
2018-05-25 18:11:04,618 INFO    : <proxy 127.0.0.1:1099 is unuseable and fail connect>
2018-05-25 18:11:04,621 INFO    : <proxy 127.0.0.1:1091 is unuseable and fail connect>
2018-05-25 18:11:05,797 INFO    : <proxy 127.0.0.1:2080 is useable>
2018-05-25 18:11:15,153 INFO    : <proxy 127.0.0.1:1011 is unuseable and fail connect>
2018-05-25 18:11:15,156 INFO    : <proxy 127.0.0.1:1013 is unuseable and fail connect>
2018-05-25 18:11:15,157 INFO    : <proxy 127.0.0.1:1014 is unuseable and fail connect>
2018-05-25 18:11:15,161 INFO    : <proxy 127.0.0.1:1018 is unuseable and fail connect>
2018-05-25 18:11:15,163 INFO    : <proxy 127.0.0.1:1019 is unuseable and fail connect>
2018-05-25 18:11:15,166 INFO    : <proxy 127.0.0.1:1016 is unuseable and fail connect>
2018-05-25 18:11:15,168 INFO    : <proxy 127.0.0.1:1017 is unuseable and fail connect>
2018-05-25 18:11:15,170 INFO    : <proxy 127.0.0.1:1012 is unuseable and fail connect>
2018-05-25 18:11:15,173 INFO    : <proxy 127.0.0.1:1015 is unuseable and fail connect>
2018-05-25 18:11:15,176 INFO    : <proxy 127.0.0.1:1020 is unuseable and fail connect>
2018-05-25 18:11:15,178 INFO    : <proxy 127.0.0.1:1021 is unuseable and fail connect>
2018-05-25 18:11:15,180 INFO    : <proxy 127.0.0.1:1023 is unuseable and fail connect>
2018-05-25 18:11:15,184 INFO    : <proxy 127.0.0.1:1022 is unuseable and fail connect>
2018-05-25 18:11:15,186 INFO    : <proxy 127.0.0.1:1024 is unuseable and fail connect>
2018-05-25 18:11:15,188 INFO    : <proxy 127.0.0.1:1026 is unuseable and fail connect>
2018-05-25 18:11:15,192 INFO    : <proxy 127.0.0.1:1027 is unuseable and fail connect>
2018-05-25 18:11:15,194 INFO    : <proxy 127.0.0.1:1025 is unuseable and fail connect>
2018-05-25 18:11:15,196 INFO    : <proxy 127.0.0.1:1028 is unuseable and fail connect>
2018-05-25 18:11:15,198 INFO    : <proxy 127.0.0.1:1029 is unuseable and fail connect>
2018-05-25 18:11:15,200 INFO    : <proxy 127.0.0.1:1030 is unuseable and fail connect>
2018-05-25 18:11:15,203 INFO    : <proxy 127.0.0.1:1031 is unuseable and fail connect>
2018-05-25 18:11:15,207 INFO    : <proxy 127.0.0.1:1032 is unuseable and fail connect>
2018-05-25 18:11:15,209 INFO    : <proxy 127.0.0.1:1033 is unuseable and fail connect>
2018-05-25 18:11:15,212 INFO    : <proxy 127.0.0.1:1034 is unuseable and fail connect>
2018-05-25 18:11:15,214 INFO    : <proxy 127.0.0.1:1035 is unuseable and fail connect>
2018-05-25 18:11:15,216 INFO    : <proxy 127.0.0.1:1036 is unuseable and fail connect>
2018-05-25 18:11:15,219 INFO    : <proxy 127.0.0.1:1037 is unuseable and fail connect>
2018-05-25 18:11:15,221 INFO    : <proxy 127.0.0.1:1038 is unuseable and fail connect>
2018-05-25 18:11:15,228 INFO    : <proxy 127.0.0.1:1039 is unuseable and fail connect>
2018-05-25 18:11:15,231 INFO    : <proxy 127.0.0.1:1040 is unuseable and fail connect>
2018-05-25 18:11:15,233 INFO    : <proxy 127.0.0.1:1041 is unuseable and fail connect>
2018-05-25 18:11:15,236 INFO    : <proxy 127.0.0.1:1042 is unuseable and fail connect>
2018-05-25 18:11:19,260 INFO    : <proxy 127.0.0.1:1043 is unuseable and fail connect>
2018-05-25 18:11:19,263 INFO    : <proxy 127.0.0.1:1051 is unuseable and fail connect>
2018-05-25 18:11:19,266 INFO    : <proxy 127.0.0.1:1053 is unuseable and fail connect>
2018-05-25 18:11:19,270 INFO    : <proxy 127.0.0.1:1049 is unuseable and fail connect>
2018-05-25 18:11:19,274 INFO    : <proxy 127.0.0.1:1048 is unuseable and fail connect>
2018-05-25 18:11:19,277 INFO    : <proxy 127.0.0.1:1047 is unuseable and fail connect>
2018-05-25 18:11:19,278 INFO    : <proxy 127.0.0.1:1046 is unuseable and fail connect>
2018-05-25 18:11:19,283 INFO    : <proxy 127.0.0.1:1045 is unuseable and fail connect>
2018-05-25 18:11:19,286 INFO    : <proxy 127.0.0.1:1044 is unuseable and fail connect>
2018-05-25 18:11:19,289 INFO    : <proxy 127.0.0.1:1070 is unuseable and fail connect>
2018-05-25 18:11:19,295 INFO    : <proxy 127.0.0.1:1071 is unuseable and fail connect>
2018-05-25 18:11:19,297 INFO    : <proxy 127.0.0.1:1072 is unuseable and fail connect>
2018-05-25 18:11:19,300 INFO    : <proxy 127.0.0.1:1073 is unuseable and fail connect>
2018-05-25 18:11:19,303 INFO    : <proxy 127.0.0.1:1062 is unuseable and fail connect>
2018-05-25 18:11:19,305 INFO    : <proxy 127.0.0.1:1074 is unuseable and fail connect>
2018-05-25 18:11:19,307 INFO    : <proxy 127.0.0.1:1063 is unuseable and fail connect>
2018-05-25 18:11:19,310 INFO    : <proxy 127.0.0.1:1058 is unuseable and fail connect>
2018-05-25 18:11:19,313 INFO    : <proxy 127.0.0.1:1057 is unuseable and fail connect>
2018-05-25 18:11:19,318 INFO    : <proxy 127.0.0.1:1060 is unuseable and fail connect>
2018-05-25 18:11:19,321 INFO    : <proxy 127.0.0.1:1056 is unuseable and fail connect>
2018-05-25 18:11:19,324 INFO    : <proxy 127.0.0.1:1059 is unuseable and fail connect>
2018-05-25 18:11:19,326 INFO    : <proxy 127.0.0.1:1068 is unuseable and fail connect>
2018-05-25 18:11:19,329 INFO    : <proxy 127.0.0.1:1055 is unuseable and fail connect>
2018-05-25 18:11:19,331 INFO    : <proxy 127.0.0.1:1054 is unuseable and fail connect>
2018-05-25 18:11:19,334 INFO    : <proxy 127.0.0.1:1067 is unuseable and fail connect>
2018-05-25 18:11:19,336 INFO    : <proxy 127.0.0.1:1052 is unuseable and fail connect>
2018-05-25 18:11:19,339 INFO    : <proxy 127.0.0.1:1066 is unuseable and fail connect>
2018-05-25 18:11:19,341 INFO    : <proxy 127.0.0.1:1065 is unuseable and fail connect>
2018-05-25 18:11:19,344 INFO    : <proxy 127.0.0.1:1061 is unuseable and fail connect>
2018-05-25 18:11:19,347 INFO    : <proxy 127.0.0.1:1050 is unuseable and fail connect>
2018-05-25 18:11:19,352 INFO    : <proxy 127.0.0.1:1064 is unuseable and fail connect>
2018-05-25 18:11:19,355 INFO    : <proxy 127.0.0.1:1069 is unuseable and fail connect>
2018-05-25 18:11:23,363 INFO    : <proxy 127.0.0.1:1080 is unuseable and fail connect>
2018-05-25 18:11:23,384 INFO    : <proxy 127.0.0.1:1076 is unuseable and fail connect>
2018-05-25 18:11:23,388 INFO    : <proxy 127.0.0.1:1082 is unuseable and fail connect>
2018-05-25 18:11:23,390 INFO    : <proxy 127.0.0.1:1079 is unuseable and fail connect>
2018-05-25 18:11:23,392 INFO    : <proxy 127.0.0.1:1081 is unuseable and fail connect>
2018-05-25 18:11:23,395 INFO    : <proxy 127.0.0.1:1075 is unuseable and fail connect>
2018-05-25 18:11:23,399 INFO    : <proxy 127.0.0.1:1078 is unuseable and fail connect>
2018-05-25 18:11:23,402 INFO    : <proxy 127.0.0.1:1077 is unuseable and fail connect>
2018-05-25 18:11:23,404 INFO    : <proxy 127.0.0.1:1084 is unuseable and fail connect>
2018-05-25 18:11:23,407 INFO    : <proxy 127.0.0.1:1083 is unuseable and fail connect>
2018-05-25 18:11:23,410 INFO    : <proxy 127.0.0.1:1093 is unuseable and fail connect>
2018-05-25 18:11:23,413 INFO    : <proxy 127.0.0.1:1091 is unuseable and fail connect>
2018-05-25 18:11:23,416 INFO    : <proxy 127.0.0.1:1092 is unuseable and fail connect>
2018-05-25 18:11:23,418 INFO    : <proxy 127.0.0.1:1090 is unuseable and fail connect>
2018-05-25 18:11:23,420 INFO    : <proxy 127.0.0.1:1088 is unuseable and fail connect>
2018-05-25 18:11:23,422 INFO    : <proxy 127.0.0.1:1089 is unuseable and fail connect>
2018-05-25 18:11:23,425 INFO    : <proxy 127.0.0.1:1097 is unuseable and fail connect>
2018-05-25 18:11:23,428 INFO    : <proxy 127.0.0.1:1087 is unuseable and fail connect>
2018-05-25 18:11:23,430 INFO    : <proxy 127.0.0.1:1096 is unuseable and fail connect>
2018-05-25 18:11:23,432 INFO    : <proxy 127.0.0.1:1086 is unuseable and fail connect>
2018-05-25 18:11:23,434 INFO    : <proxy 127.0.0.1:1095 is unuseable and fail connect>
2018-05-25 18:11:23,437 INFO    : <proxy 127.0.0.1:1085 is unuseable and fail connect>
2018-05-25 18:11:23,440 INFO    : <proxy 127.0.0.1:1094 is unuseable and fail connect>
2018-05-25 18:11:23,442 INFO    : <proxy 127.0.0.1:1098 is unuseable and fail connect>
2018-05-25 18:11:23,445 INFO    : <proxy 127.0.0.1:1099 is unuseable and fail connect>
2018-05-25 18:11:24,706 INFO    : <proxy 127.0.0.1:2080 is useable>
2018-05-25 18:12:28,780 INFO    : <proxy 127.0.0.1:1011 is unuseable and fail connect>
2018-05-25 18:12:28,782 INFO    : <proxy 127.0.0.1:1018 is unuseable and fail connect>
2018-05-25 18:12:28,785 INFO    : <proxy 127.0.0.1:1019 is unuseable and fail connect>
2018-05-25 18:12:28,787 INFO    : <proxy 127.0.0.1:1014 is unuseable and fail connect>
2018-05-25 18:12:28,790 INFO    : <proxy 127.0.0.1:1016 is unuseable and fail connect>
2018-05-25 18:12:28,793 INFO    : <proxy 127.0.0.1:1015 is unuseable and fail connect>
2018-05-25 18:12:28,796 INFO    : <proxy 127.0.0.1:1012 is unuseable and fail connect>
2018-05-25 18:12:28,798 INFO    : <proxy 127.0.0.1:1040 is unuseable and fail connect>
2018-05-25 18:12:28,802 INFO    : <proxy 127.0.0.1:1041 is unuseable and fail connect>
2018-05-25 18:12:28,804 INFO    : <proxy 127.0.0.1:1042 is unuseable and fail connect>
2018-05-25 18:12:28,806 INFO    : <proxy 127.0.0.1:1017 is unuseable and fail connect>
2018-05-25 18:12:28,809 INFO    : <proxy 127.0.0.1:1020 is unuseable and fail connect>
2018-05-25 18:12:28,811 INFO    : <proxy 127.0.0.1:1021 is unuseable and fail connect>
2018-05-25 18:12:28,813 INFO    : <proxy 127.0.0.1:1022 is unuseable and fail connect>
2018-05-25 18:12:28,815 INFO    : <proxy 127.0.0.1:1024 is unuseable and fail connect>
2018-05-25 18:12:28,817 INFO    : <proxy 127.0.0.1:1023 is unuseable and fail connect>
2018-05-25 18:12:28,819 INFO    : <proxy 127.0.0.1:1025 is unuseable and fail connect>
2018-05-25 18:12:28,821 INFO    : <proxy 127.0.0.1:1027 is unuseable and fail connect>
2018-05-25 18:12:28,825 INFO    : <proxy 127.0.0.1:1026 is unuseable and fail connect>
2018-05-25 18:12:28,828 INFO    : <proxy 127.0.0.1:1028 is unuseable and fail connect>
2018-05-25 18:12:28,830 INFO    : <proxy 127.0.0.1:1029 is unuseable and fail connect>
2018-05-25 18:12:28,834 INFO    : <proxy 127.0.0.1:1030 is unuseable and fail connect>
2018-05-25 18:12:28,836 INFO    : <proxy 127.0.0.1:1031 is unuseable and fail connect>
2018-05-25 18:12:28,838 INFO    : <proxy 127.0.0.1:1032 is unuseable and fail connect>
2018-05-25 18:12:28,841 INFO    : <proxy 127.0.0.1:1033 is unuseable and fail connect>
2018-05-25 18:12:28,844 INFO    : <proxy 127.0.0.1:1034 is unuseable and fail connect>
2018-05-25 18:12:28,847 INFO    : <proxy 127.0.0.1:1035 is unuseable and fail connect>
2018-05-25 18:12:28,849 INFO    : <proxy 127.0.0.1:1013 is unuseable and fail connect>
2018-05-25 18:12:28,851 INFO    : <proxy 127.0.0.1:1036 is unuseable and fail connect>
2018-05-25 18:12:28,854 INFO    : <proxy 127.0.0.1:1037 is unuseable and fail connect>
2018-05-25 18:12:28,856 INFO    : <proxy 127.0.0.1:1038 is unuseable and fail connect>
2018-05-25 18:12:28,859 INFO    : <proxy 127.0.0.1:1039 is unuseable and fail connect>
2018-05-25 18:12:32,889 INFO    : <proxy 127.0.0.1:1043 is unuseable and fail connect>
2018-05-25 18:12:32,894 INFO    : <proxy 127.0.0.1:1059 is unuseable and fail connect>
2018-05-25 18:12:32,897 INFO    : <proxy 127.0.0.1:1046 is unuseable and fail connect>
2018-05-25 18:12:32,899 INFO    : <proxy 127.0.0.1:1049 is unuseable and fail connect>
2018-05-25 18:12:32,902 INFO    : <proxy 127.0.0.1:1050 is unuseable and fail connect>
2018-05-25 18:12:32,905 INFO    : <proxy 127.0.0.1:1051 is unuseable and fail connect>
2018-05-25 18:12:32,908 INFO    : <proxy 127.0.0.1:1052 is unuseable and fail connect>
2018-05-25 18:12:32,911 INFO    : <proxy 127.0.0.1:1048 is unuseable and fail connect>
2018-05-25 18:12:32,913 INFO    : <proxy 127.0.0.1:1054 is unuseable and fail connect>
2018-05-25 18:12:32,915 INFO    : <proxy 127.0.0.1:1056 is unuseable and fail connect>
2018-05-25 18:12:32,919 INFO    : <proxy 127.0.0.1:1045 is unuseable and fail connect>
2018-05-25 18:12:32,923 INFO    : <proxy 127.0.0.1:1044 is unuseable and fail connect>
2018-05-25 18:12:32,925 INFO    : <proxy 127.0.0.1:1047 is unuseable and fail connect>
2018-05-25 18:12:32,929 INFO    : <proxy 127.0.0.1:1063 is unuseable and fail connect>
2018-05-25 18:12:32,931 INFO    : <proxy 127.0.0.1:1065 is unuseable and fail connect>
2018-05-25 18:12:32,939 INFO    : <proxy 127.0.0.1:1053 is unuseable and fail connect>
2018-05-25 18:12:32,941 INFO    : <proxy 127.0.0.1:1055 is unuseable and fail connect>
2018-05-25 18:12:32,947 INFO    : <proxy 127.0.0.1:1066 is unuseable and fail connect>
2018-05-25 18:12:32,949 INFO    : <proxy 127.0.0.1:1067 is unuseable and fail connect>
2018-05-25 18:12:32,953 INFO    : <proxy 127.0.0.1:1062 is unuseable and fail connect>
2018-05-25 18:12:32,956 INFO    : <proxy 127.0.0.1:1068 is unuseable and fail connect>
2018-05-25 18:12:32,959 INFO    : <proxy 127.0.0.1:1061 is unuseable and fail connect>
2018-05-25 18:12:32,961 INFO    : <proxy 127.0.0.1:1069 is unuseable and fail connect>
2018-05-25 18:12:32,964 INFO    : <proxy 127.0.0.1:1070 is unuseable and fail connect>
2018-05-25 18:12:32,969 INFO    : <proxy 127.0.0.1:1060 is unuseable and fail connect>
2018-05-25 18:12:32,971 INFO    : <proxy 127.0.0.1:1071 is unuseable and fail connect>
2018-05-25 18:12:32,974 INFO    : <proxy 127.0.0.1:1072 is unuseable and fail connect>
2018-05-25 18:12:32,977 INFO    : <proxy 127.0.0.1:1073 is unuseable and fail connect>
2018-05-25 18:12:32,980 INFO    : <proxy 127.0.0.1:1074 is unuseable and fail connect>
2018-05-25 18:12:32,981 INFO    : <proxy 127.0.0.1:1058 is unuseable and fail connect>
2018-05-25 18:12:32,984 INFO    : <proxy 127.0.0.1:1064 is unuseable and fail connect>
2018-05-25 18:12:32,986 INFO    : <proxy 127.0.0.1:1057 is unuseable and fail connect>
2018-05-25 18:12:37,025 INFO    : <proxy 127.0.0.1:1079 is unuseable and fail connect>
2018-05-25 18:12:37,029 INFO    : <proxy 127.0.0.1:1078 is unuseable and fail connect>
2018-05-25 18:12:37,031 INFO    : <proxy 127.0.0.1:1081 is unuseable and fail connect>
2018-05-25 18:12:37,034 INFO    : <proxy 127.0.0.1:1077 is unuseable and fail connect>
2018-05-25 18:12:37,037 INFO    : <proxy 127.0.0.1:1076 is unuseable and fail connect>
2018-05-25 18:12:37,040 INFO    : <proxy 127.0.0.1:1075 is unuseable and fail connect>
2018-05-25 18:12:37,042 INFO    : <proxy 127.0.0.1:1090 is unuseable and fail connect>
2018-05-25 18:12:37,044 INFO    : <proxy 127.0.0.1:1083 is unuseable and fail connect>
2018-05-25 18:12:37,047 INFO    : <proxy 127.0.0.1:1084 is unuseable and fail connect>
2018-05-25 18:12:37,049 INFO    : <proxy 127.0.0.1:1082 is unuseable and fail connect>
2018-05-25 18:12:37,054 INFO    : <proxy 127.0.0.1:1085 is unuseable and fail connect>
2018-05-25 18:12:37,056 INFO    : <proxy 127.0.0.1:1089 is unuseable and fail connect>
2018-05-25 18:12:37,058 INFO    : <proxy 127.0.0.1:1091 is unuseable and fail connect>
2018-05-25 18:12:37,060 INFO    : <proxy 127.0.0.1:1092 is unuseable and fail connect>
2018-05-25 18:12:37,062 INFO    : <proxy 127.0.0.1:1093 is unuseable and fail connect>
2018-05-25 18:12:37,071 INFO    : <proxy 127.0.0.1:1094 is unuseable and fail connect>
2018-05-25 18:12:37,073 INFO    : <proxy 127.0.0.1:1095 is unuseable and fail connect>
2018-05-25 18:12:37,075 INFO    : <proxy 127.0.0.1:1096 is unuseable and fail connect>
2018-05-25 18:12:37,079 INFO    : <proxy 127.0.0.1:1088 is unuseable and fail connect>
2018-05-25 18:12:37,081 INFO    : <proxy 127.0.0.1:1097 is unuseable and fail connect>
2018-05-25 18:12:37,083 INFO    : <proxy 127.0.0.1:1087 is unuseable and fail connect>
2018-05-25 18:12:37,086 INFO    : <proxy 127.0.0.1:1098 is unuseable and fail connect>
2018-05-25 18:12:37,089 INFO    : <proxy 127.0.0.1:1099 is unuseable and fail connect>
2018-05-25 18:12:37,092 INFO    : <proxy 127.0.0.1:1086 is unuseable and fail connect>
2018-05-25 18:12:37,137 INFO    : <proxy 127.0.0.1:1080 is unuseable and fail connect>
2018-05-25 18:12:38,361 INFO    : <proxy 127.0.0.1:2080 is useable>
2018-05-25 18:12:42,104 INFO    : <proxy 127.0.0.1:1011 is unuseable and fail connect>
2018-05-25 18:12:42,108 INFO    : <proxy 127.0.0.1:1021 is unuseable and fail connect>
2018-05-25 18:12:42,111 INFO    : <proxy 127.0.0.1:1018 is unuseable and fail connect>
2018-05-25 18:12:42,113 INFO    : <proxy 127.0.0.1:1015 is unuseable and fail connect>
2018-05-25 18:12:42,116 INFO    : <proxy 127.0.0.1:1013 is unuseable and fail connect>
2018-05-25 18:12:42,120 INFO    : <proxy 127.0.0.1:1016 is unuseable and fail connect>
2018-05-25 18:12:42,123 INFO    : <proxy 127.0.0.1:1026 is unuseable and fail connect>
2018-05-25 18:12:42,125 INFO    : <proxy 127.0.0.1:1028 is unuseable and fail connect>
2018-05-25 18:12:42,127 INFO    : <proxy 127.0.0.1:1031 is unuseable and fail connect>
2018-05-25 18:12:42,129 INFO    : <proxy 127.0.0.1:1032 is unuseable and fail connect>
2018-05-25 18:12:42,133 INFO    : <proxy 127.0.0.1:1029 is unuseable and fail connect>
2018-05-25 18:12:42,136 INFO    : <proxy 127.0.0.1:1033 is unuseable and fail connect>
2018-05-25 18:12:42,139 INFO    : <proxy 127.0.0.1:1030 is unuseable and fail connect>
2018-05-25 18:12:42,141 INFO    : <proxy 127.0.0.1:1034 is unuseable and fail connect>
2018-05-25 18:12:42,143 INFO    : <proxy 127.0.0.1:1024 is unuseable and fail connect>
2018-05-25 18:12:42,145 INFO    : <proxy 127.0.0.1:1035 is unuseable and fail connect>
2018-05-25 18:12:42,148 INFO    : <proxy 127.0.0.1:1012 is unuseable and fail connect>
2018-05-25 18:12:42,150 INFO    : <proxy 127.0.0.1:1014 is unuseable and fail connect>
2018-05-25 18:12:42,152 INFO    : <proxy 127.0.0.1:1017 is unuseable and fail connect>
2018-05-25 18:12:42,155 INFO    : <proxy 127.0.0.1:1019 is unuseable and fail connect>
2018-05-25 18:12:42,158 INFO    : <proxy 127.0.0.1:1020 is unuseable and fail connect>
2018-05-25 18:12:42,160 INFO    : <proxy 127.0.0.1:1022 is unuseable and fail connect>
2018-05-25 18:12:42,162 INFO    : <proxy 127.0.0.1:1023 is unuseable and fail connect>
2018-05-25 18:12:42,166 INFO    : <proxy 127.0.0.1:1036 is unuseable and fail connect>
2018-05-25 18:12:42,168 INFO    : <proxy 127.0.0.1:1037 is unuseable and fail connect>
2018-05-25 18:12:42,170 INFO    : <proxy 127.0.0.1:1038 is unuseable and fail connect>
2018-05-25 18:12:42,172 INFO    : <proxy 127.0.0.1:1025 is unuseable and fail connect>
2018-05-25 18:12:42,177 INFO    : <proxy 127.0.0.1:1027 is unuseable and fail connect>
2018-05-25 18:12:42,179 INFO    : <proxy 127.0.0.1:1039 is unuseable and fail connect>
2018-05-25 18:12:42,182 INFO    : <proxy 127.0.0.1:1040 is unuseable and fail connect>
2018-05-25 18:12:42,184 INFO    : <proxy 127.0.0.1:1041 is unuseable and fail connect>
2018-05-25 18:12:42,186 INFO    : <proxy 127.0.0.1:1042 is unuseable and fail connect>
2018-05-25 18:12:46,228 INFO    : <proxy 127.0.0.1:1046 is unuseable and fail connect>
2018-05-25 18:12:46,231 INFO    : <proxy 127.0.0.1:1047 is unuseable and fail connect>
2018-05-25 18:12:46,234 INFO    : <proxy 127.0.0.1:1043 is unuseable and fail connect>
2018-05-25 18:12:46,238 INFO    : <proxy 127.0.0.1:1045 is unuseable and fail connect>
2018-05-25 18:12:46,241 INFO    : <proxy 127.0.0.1:1044 is unuseable and fail connect>
2018-05-25 18:12:46,243 INFO    : <proxy 127.0.0.1:1048 is unuseable and fail connect>
2018-05-25 18:12:46,247 INFO    : <proxy 127.0.0.1:1054 is unuseable and fail connect>
2018-05-25 18:12:46,250 INFO    : <proxy 127.0.0.1:1061 is unuseable and fail connect>
2018-05-25 18:12:46,253 INFO    : <proxy 127.0.0.1:1062 is unuseable and fail connect>
2018-05-25 18:12:46,255 INFO    : <proxy 127.0.0.1:1063 is unuseable and fail connect>
2018-05-25 18:12:46,258 INFO    : <proxy 127.0.0.1:1064 is unuseable and fail connect>
2018-05-25 18:12:46,260 INFO    : <proxy 127.0.0.1:1053 is unuseable and fail connect>
2018-05-25 18:12:46,262 INFO    : <proxy 127.0.0.1:1065 is unuseable and fail connect>
2018-05-25 18:12:46,265 INFO    : <proxy 127.0.0.1:1056 is unuseable and fail connect>
2018-05-25 18:12:46,268 INFO    : <proxy 127.0.0.1:1067 is unuseable and fail connect>
2018-05-25 18:12:46,271 INFO    : <proxy 127.0.0.1:1055 is unuseable and fail connect>
2018-05-25 18:12:46,274 INFO    : <proxy 127.0.0.1:1069 is unuseable and fail connect>
2018-05-25 18:12:46,276 INFO    : <proxy 127.0.0.1:1070 is unuseable and fail connect>
2018-05-25 18:12:46,278 INFO    : <proxy 127.0.0.1:1057 is unuseable and fail connect>
2018-05-25 18:12:46,280 INFO    : <proxy 127.0.0.1:1071 is unuseable and fail connect>
2018-05-25 18:12:46,282 INFO    : <proxy 127.0.0.1:1052 is unuseable and fail connect>
2018-05-25 18:12:46,285 INFO    : <proxy 127.0.0.1:1058 is unuseable and fail connect>
2018-05-25 18:12:46,288 INFO    : <proxy 127.0.0.1:1073 is unuseable and fail connect>
2018-05-25 18:12:46,290 INFO    : <proxy 127.0.0.1:1049 is unuseable and fail connect>
2018-05-25 18:12:46,292 INFO    : <proxy 127.0.0.1:1051 is unuseable and fail connect>
2018-05-25 18:12:46,294 INFO    : <proxy 127.0.0.1:1050 is unuseable and fail connect>
2018-05-25 18:12:46,296 INFO    : <proxy 127.0.0.1:1059 is unuseable and fail connect>
2018-05-25 18:12:46,298 INFO    : <proxy 127.0.0.1:1060 is unuseable and fail connect>
2018-05-25 18:12:46,300 INFO    : <proxy 127.0.0.1:1074 is unuseable and fail connect>
2018-05-25 18:12:46,302 INFO    : <proxy 127.0.0.1:1066 is unuseable and fail connect>
2018-05-25 18:12:46,304 INFO    : <proxy 127.0.0.1:1068 is unuseable and fail connect>
2018-05-25 18:12:46,307 INFO    : <proxy 127.0.0.1:1072 is unuseable and fail connect>
2018-05-25 18:12:50,348 INFO    : <proxy 127.0.0.1:1075 is unuseable and fail connect>
2018-05-25 18:12:50,351 INFO    : <proxy 127.0.0.1:1077 is unuseable and fail connect>
2018-05-25 18:12:50,353 INFO    : <proxy 127.0.0.1:1076 is unuseable and fail connect>
2018-05-25 18:12:50,357 INFO    : <proxy 127.0.0.1:1085 is unuseable and fail connect>
2018-05-25 18:12:50,361 INFO    : <proxy 127.0.0.1:1079 is unuseable and fail connect>
2018-05-25 18:12:50,366 INFO    : <proxy 127.0.0.1:1087 is unuseable and fail connect>
2018-05-25 18:12:50,369 INFO    : <proxy 127.0.0.1:1084 is unuseable and fail connect>
2018-05-25 18:12:50,371 INFO    : <proxy 127.0.0.1:1086 is unuseable and fail connect>
2018-05-25 18:12:50,375 INFO    : <proxy 127.0.0.1:1083 is unuseable and fail connect>
2018-05-25 18:12:50,377 INFO    : <proxy 127.0.0.1:1082 is unuseable and fail connect>
2018-05-25 18:12:50,379 INFO    : <proxy 127.0.0.1:1081 is unuseable and fail connect>
2018-05-25 18:12:50,382 INFO    : <proxy 127.0.0.1:1089 is unuseable and fail connect>
2018-05-25 18:12:50,384 INFO    : <proxy 127.0.0.1:1078 is unuseable and fail connect>
2018-05-25 18:12:50,387 INFO    : <proxy 127.0.0.1:1088 is unuseable and fail connect>
2018-05-25 18:12:50,391 INFO    : <proxy 127.0.0.1:1091 is unuseable and fail connect>
2018-05-25 18:12:50,394 INFO    : <proxy 127.0.0.1:1096 is unuseable and fail connect>
2018-05-25 18:12:50,397 INFO    : <proxy 127.0.0.1:1095 is unuseable and fail connect>
2018-05-25 18:12:50,400 INFO    : <proxy 127.0.0.1:1098 is unuseable and fail connect>
2018-05-25 18:12:50,403 INFO    : <proxy 127.0.0.1:1092 is unuseable and fail connect>
2018-05-25 18:12:50,406 INFO    : <proxy 127.0.0.1:1097 is unuseable and fail connect>
2018-05-25 18:12:50,409 INFO    : <proxy 127.0.0.1:1094 is unuseable and fail connect>
2018-05-25 18:12:50,412 INFO    : <proxy 127.0.0.1:1093 is unuseable and fail connect>
2018-05-25 18:12:50,414 INFO    : <proxy 127.0.0.1:1099 is unuseable and fail connect>
2018-05-25 18:12:50,417 INFO    : <proxy 127.0.0.1:1090 is unuseable and fail connect>
2018-05-25 18:12:50,469 INFO    : <proxy 127.0.0.1:1080 is unuseable and fail connect>
2018-05-25 18:12:51,023 INFO    : <proxy 127.0.0.1:2080 is useable>
2018-05-25 18:15:15,194 INFO    : <proxy 127.0.0.1:1011 is unuseable and fail connect>
2018-05-25 18:15:15,196 INFO    : <proxy 127.0.0.1:1012 is unuseable and fail connect>
2018-05-25 18:15:15,199 INFO    : <proxy 127.0.0.1:1013 is unuseable and fail connect>
2018-05-25 18:15:15,201 INFO    : <proxy 127.0.0.1:1014 is unuseable and fail connect>
2018-05-25 18:15:15,203 INFO    : <proxy 127.0.0.1:1015 is unuseable and fail connect>
2018-05-25 18:15:15,206 INFO    : <proxy 127.0.0.1:1016 is unuseable and fail connect>
2018-05-25 18:15:15,208 INFO    : <proxy 127.0.0.1:1017 is unuseable and fail connect>
2018-05-25 18:15:15,216 INFO    : <proxy 127.0.0.1:1018 is unuseable and fail connect>
2018-05-25 18:15:15,219 INFO    : <proxy 127.0.0.1:1019 is unuseable and fail connect>
2018-05-25 18:15:15,222 INFO    : <proxy 127.0.0.1:1020 is unuseable and fail connect>
2018-05-25 18:15:15,224 INFO    : <proxy 127.0.0.1:1021 is unuseable and fail connect>
2018-05-25 18:15:15,226 INFO    : <proxy 127.0.0.1:1022 is unuseable and fail connect>
2018-05-25 18:15:15,228 INFO    : <proxy 127.0.0.1:1023 is unuseable and fail connect>
2018-05-25 18:15:15,230 INFO    : <proxy 127.0.0.1:1024 is unuseable and fail connect>
2018-05-25 18:15:15,233 INFO    : <proxy 127.0.0.1:1025 is unuseable and fail connect>
2018-05-25 18:15:15,235 INFO    : <proxy 127.0.0.1:1026 is unuseable and fail connect>
2018-05-25 18:15:15,237 INFO    : <proxy 127.0.0.1:1027 is unuseable and fail connect>
2018-05-25 18:15:15,239 INFO    : <proxy 127.0.0.1:1028 is unuseable and fail connect>
2018-05-25 18:15:15,241 INFO    : <proxy 127.0.0.1:1029 is unuseable and fail connect>
2018-05-25 18:15:15,244 INFO    : <proxy 127.0.0.1:1030 is unuseable and fail connect>
2018-05-25 18:15:15,247 INFO    : <proxy 127.0.0.1:1031 is unuseable and fail connect>
2018-05-25 18:15:15,250 INFO    : <proxy 127.0.0.1:1032 is unuseable and fail connect>
2018-05-25 18:15:15,252 INFO    : <proxy 127.0.0.1:1033 is unuseable and fail connect>
2018-05-25 18:15:15,254 INFO    : <proxy 127.0.0.1:1034 is unuseable and fail connect>
2018-05-25 18:15:15,257 INFO    : <proxy 127.0.0.1:1035 is unuseable and fail connect>
2018-05-25 18:15:15,259 INFO    : <proxy 127.0.0.1:1036 is unuseable and fail connect>
2018-05-25 18:15:15,261 INFO    : <proxy 127.0.0.1:1037 is unuseable and fail connect>
2018-05-25 18:15:15,264 INFO    : <proxy 127.0.0.1:1038 is unuseable and fail connect>
2018-05-25 18:15:15,265 INFO    : <proxy 127.0.0.1:1039 is unuseable and fail connect>
2018-05-25 18:15:15,267 INFO    : <proxy 127.0.0.1:1040 is unuseable and fail connect>
2018-05-25 18:15:15,269 INFO    : <proxy 127.0.0.1:1041 is unuseable and fail connect>
2018-05-25 18:15:15,272 INFO    : <proxy 127.0.0.1:1042 is unuseable and fail connect>
2018-05-25 18:15:18,274 INFO    : <proxy 127.0.0.1:1043 is unuseable and fail connect>
2018-05-25 18:15:18,276 INFO    : <proxy 127.0.0.1:1044 is unuseable and fail connect>
2018-05-25 18:15:18,277 INFO    : <proxy 127.0.0.1:1045 is unuseable and fail connect>
2018-05-25 18:15:18,280 INFO    : <proxy 127.0.0.1:1046 is unuseable and fail connect>
2018-05-25 18:15:18,283 INFO    : <proxy 127.0.0.1:1047 is unuseable and fail connect>
2018-05-25 18:15:18,286 INFO    : <proxy 127.0.0.1:1048 is unuseable and fail connect>
2018-05-25 18:15:18,289 INFO    : <proxy 127.0.0.1:1049 is unuseable and fail connect>
2018-05-25 18:15:18,292 INFO    : <proxy 127.0.0.1:1050 is unuseable and fail connect>
2018-05-25 18:15:18,295 INFO    : <proxy 127.0.0.1:1051 is unuseable and fail connect>
2018-05-25 18:15:18,297 INFO    : <proxy 127.0.0.1:1052 is unuseable and fail connect>
2018-05-25 18:15:18,299 INFO    : <proxy 127.0.0.1:1053 is unuseable and fail connect>
2018-05-25 18:15:18,302 INFO    : <proxy 127.0.0.1:1054 is unuseable and fail connect>
2018-05-25 18:15:18,304 INFO    : <proxy 127.0.0.1:1055 is unuseable and fail connect>
2018-05-25 18:15:18,306 INFO    : <proxy 127.0.0.1:1056 is unuseable and fail connect>
2018-05-25 18:15:18,308 INFO    : <proxy 127.0.0.1:1057 is unuseable and fail connect>
2018-05-25 18:15:18,311 INFO    : <proxy 127.0.0.1:1058 is unuseable and fail connect>
2018-05-25 18:15:18,314 INFO    : <proxy 127.0.0.1:1059 is unuseable and fail connect>
2018-05-25 18:15:18,316 INFO    : <proxy 127.0.0.1:1060 is unuseable and fail connect>
2018-05-25 18:15:18,319 INFO    : <proxy 127.0.0.1:1061 is unuseable and fail connect>
2018-05-25 18:15:18,321 INFO    : <proxy 127.0.0.1:1062 is unuseable and fail connect>
2018-05-25 18:15:18,323 INFO    : <proxy 127.0.0.1:1063 is unuseable and fail connect>
2018-05-25 18:15:18,326 INFO    : <proxy 127.0.0.1:1064 is unuseable and fail connect>
2018-05-25 18:15:18,328 INFO    : <proxy 127.0.0.1:1065 is unuseable and fail connect>
2018-05-25 18:15:18,330 INFO    : <proxy 127.0.0.1:1066 is unuseable and fail connect>
2018-05-25 18:15:18,334 INFO    : <proxy 127.0.0.1:1067 is unuseable and fail connect>
2018-05-25 18:15:18,336 INFO    : <proxy 127.0.0.1:1068 is unuseable and fail connect>
2018-05-25 18:15:18,338 INFO    : <proxy 127.0.0.1:1069 is unuseable and fail connect>
2018-05-25 18:15:18,340 INFO    : <proxy 127.0.0.1:1070 is unuseable and fail connect>
2018-05-25 18:15:18,342 INFO    : <proxy 127.0.0.1:1071 is unuseable and fail connect>
2018-05-25 18:15:18,343 INFO    : <proxy 127.0.0.1:1072 is unuseable and fail connect>
2018-05-25 18:15:18,345 INFO    : <proxy 127.0.0.1:1073 is unuseable and fail connect>
2018-05-25 18:15:18,347 INFO    : <proxy 127.0.0.1:1074 is unuseable and fail connect>
2018-05-25 18:15:21,350 INFO    : <proxy 127.0.0.1:1075 is unuseable and fail connect>
2018-05-25 18:15:21,352 INFO    : <proxy 127.0.0.1:1076 is unuseable and fail connect>
2018-05-25 18:15:21,354 INFO    : <proxy 127.0.0.1:1077 is unuseable and fail connect>
2018-05-25 18:15:21,356 INFO    : <proxy 127.0.0.1:1078 is unuseable and fail connect>
2018-05-25 18:15:21,358 INFO    : <proxy 127.0.0.1:1079 is unuseable and fail connect>
2018-05-25 18:15:21,361 INFO    : <proxy 127.0.0.1:1080 is unuseable and fail connect>
2018-05-25 18:15:21,363 INFO    : <proxy 127.0.0.1:1081 is unuseable and fail connect>
2018-05-25 18:15:21,365 INFO    : <proxy 127.0.0.1:1082 is unuseable and fail connect>
2018-05-25 18:15:21,367 INFO    : <proxy 127.0.0.1:1083 is unuseable and fail connect>
2018-05-25 18:15:21,371 INFO    : <proxy 127.0.0.1:1084 is unuseable and fail connect>
2018-05-25 18:15:21,374 INFO    : <proxy 127.0.0.1:1085 is unuseable and fail connect>
2018-05-25 18:15:21,376 INFO    : <proxy 127.0.0.1:1086 is unuseable and fail connect>
2018-05-25 18:15:21,378 INFO    : <proxy 127.0.0.1:1087 is unuseable and fail connect>
2018-05-25 18:15:21,380 INFO    : <proxy 127.0.0.1:1088 is unuseable and fail connect>
2018-05-25 18:15:21,382 INFO    : <proxy 127.0.0.1:1089 is unuseable and fail connect>
2018-05-25 18:15:21,384 INFO    : <proxy 127.0.0.1:1090 is unuseable and fail connect>
2018-05-25 18:15:21,387 INFO    : <proxy 127.0.0.1:1091 is unuseable and fail connect>
2018-05-25 18:15:21,389 INFO    : <proxy 127.0.0.1:1092 is unuseable and fail connect>
2018-05-25 18:15:21,390 INFO    : <proxy 127.0.0.1:1093 is unuseable and fail connect>
2018-05-25 18:15:21,393 INFO    : <proxy 127.0.0.1:1094 is unuseable and fail connect>
2018-05-25 18:15:21,395 INFO    : <proxy 127.0.0.1:1095 is unuseable and fail connect>
2018-05-25 18:15:21,396 INFO    : <proxy 127.0.0.1:1096 is unuseable and fail connect>
2018-05-25 18:15:21,398 INFO    : <proxy 127.0.0.1:1097 is unuseable and fail connect>
2018-05-25 18:15:21,400 INFO    : <proxy 127.0.0.1:1098 is unuseable and fail connect>
2018-05-25 18:15:21,402 INFO    : <proxy 127.0.0.1:1099 is unuseable and fail connect>
2018-05-25 18:15:21,404 INFO    : <proxy 127.0.0.1:2080 is unuseable and fail connect>
2018-05-25 18:16:54,733 INFO    : <proxy 127.0.0.1:1011 is unuseable and fail connect>
2018-05-25 18:16:54,736 INFO    : <proxy 127.0.0.1:1012 is unuseable and fail connect>
2018-05-25 18:16:54,740 INFO    : <proxy 127.0.0.1:1014 is unuseable and fail connect>
2018-05-25 18:16:54,743 INFO    : <proxy 127.0.0.1:1013 is unuseable and fail connect>
2018-05-25 18:16:54,746 INFO    : <proxy 127.0.0.1:1017 is unuseable and fail connect>
2018-05-25 18:16:54,748 INFO    : <proxy 127.0.0.1:1018 is unuseable and fail connect>
2018-05-25 18:16:54,753 INFO    : <proxy 127.0.0.1:1019 is unuseable and fail connect>
2018-05-25 18:16:54,755 INFO    : <proxy 127.0.0.1:1020 is unuseable and fail connect>
2018-05-25 18:16:54,757 INFO    : <proxy 127.0.0.1:1021 is unuseable and fail connect>
2018-05-25 18:16:54,760 INFO    : <proxy 127.0.0.1:1022 is unuseable and fail connect>
2018-05-25 18:16:54,764 INFO    : <proxy 127.0.0.1:1026 is unuseable and fail connect>
2018-05-25 18:16:54,767 INFO    : <proxy 127.0.0.1:1029 is unuseable and fail connect>
2018-05-25 18:16:54,770 INFO    : <proxy 127.0.0.1:1015 is unuseable and fail connect>
2018-05-25 18:16:54,772 INFO    : <proxy 127.0.0.1:1030 is unuseable and fail connect>
2018-05-25 18:16:54,775 INFO    : <proxy 127.0.0.1:1031 is unuseable and fail connect>
2018-05-25 18:16:54,777 INFO    : <proxy 127.0.0.1:1032 is unuseable and fail connect>
2018-05-25 18:16:54,780 INFO    : <proxy 127.0.0.1:1034 is unuseable and fail connect>
2018-05-25 18:16:54,783 INFO    : <proxy 127.0.0.1:1035 is unuseable and fail connect>
2018-05-25 18:16:54,785 INFO    : <proxy 127.0.0.1:1016 is unuseable and fail connect>
2018-05-25 18:16:54,791 INFO    : <proxy 127.0.0.1:1033 is unuseable and fail connect>
2018-05-25 18:16:54,794 INFO    : <proxy 127.0.0.1:1036 is unuseable and fail connect>
2018-05-25 18:16:54,797 INFO    : <proxy 127.0.0.1:1037 is unuseable and fail connect>
2018-05-25 18:16:54,800 INFO    : <proxy 127.0.0.1:1038 is unuseable and fail connect>
2018-05-25 18:16:54,803 INFO    : <proxy 127.0.0.1:1023 is unuseable and fail connect>
2018-05-25 18:16:54,805 INFO    : <proxy 127.0.0.1:1039 is unuseable and fail connect>
2018-05-25 18:16:54,809 INFO    : <proxy 127.0.0.1:1024 is unuseable and fail connect>
2018-05-25 18:16:54,811 INFO    : <proxy 127.0.0.1:1040 is unuseable and fail connect>
2018-05-25 18:16:54,814 INFO    : <proxy 127.0.0.1:1025 is unuseable and fail connect>
2018-05-25 18:16:54,817 INFO    : <proxy 127.0.0.1:1041 is unuseable and fail connect>
2018-05-25 18:16:54,821 INFO    : <proxy 127.0.0.1:1042 is unuseable and fail connect>
2018-05-25 18:16:54,823 INFO    : <proxy 127.0.0.1:1027 is unuseable and fail connect>
2018-05-25 18:16:54,825 INFO    : <proxy 127.0.0.1:1028 is unuseable and fail connect>
2018-05-25 18:16:58,852 INFO    : <proxy 127.0.0.1:1043 is unuseable and fail connect>
2018-05-25 18:16:58,854 INFO    : <proxy 127.0.0.1:1046 is unuseable and fail connect>
2018-05-25 18:16:58,857 INFO    : <proxy 127.0.0.1:1049 is unuseable and fail connect>
2018-05-25 18:16:58,859 INFO    : <proxy 127.0.0.1:1044 is unuseable and fail connect>
2018-05-25 18:16:58,862 INFO    : <proxy 127.0.0.1:1045 is unuseable and fail connect>
2018-05-25 18:16:58,865 INFO    : <proxy 127.0.0.1:1052 is unuseable and fail connect>
2018-05-25 18:16:58,867 INFO    : <proxy 127.0.0.1:1053 is unuseable and fail connect>
2018-05-25 18:16:58,869 INFO    : <proxy 127.0.0.1:1054 is unuseable and fail connect>
2018-05-25 18:16:58,871 INFO    : <proxy 127.0.0.1:1056 is unuseable and fail connect>
2018-05-25 18:16:58,874 INFO    : <proxy 127.0.0.1:1057 is unuseable and fail connect>
2018-05-25 18:16:58,877 INFO    : <proxy 127.0.0.1:1058 is unuseable and fail connect>
2018-05-25 18:16:58,879 INFO    : <proxy 127.0.0.1:1059 is unuseable and fail connect>
2018-05-25 18:16:58,883 INFO    : <proxy 127.0.0.1:1061 is unuseable and fail connect>
2018-05-25 18:16:58,887 INFO    : <proxy 127.0.0.1:1062 is unuseable and fail connect>
2018-05-25 18:16:58,894 INFO    : <proxy 127.0.0.1:1065 is unuseable and fail connect>
2018-05-25 18:16:58,896 INFO    : <proxy 127.0.0.1:1067 is unuseable and fail connect>
2018-05-25 18:16:58,899 INFO    : <proxy 127.0.0.1:1048 is unuseable and fail connect>
2018-05-25 18:16:58,901 INFO    : <proxy 127.0.0.1:1068 is unuseable and fail connect>
2018-05-25 18:16:58,904 INFO    : <proxy 127.0.0.1:1047 is unuseable and fail connect>
2018-05-25 18:16:58,906 INFO    : <proxy 127.0.0.1:1069 is unuseable and fail connect>
2018-05-25 18:16:58,908 INFO    : <proxy 127.0.0.1:1070 is unuseable and fail connect>
2018-05-25 18:16:58,911 INFO    : <proxy 127.0.0.1:1071 is unuseable and fail connect>
2018-05-25 18:16:58,916 INFO    : <proxy 127.0.0.1:1072 is unuseable and fail connect>
2018-05-25 18:16:58,919 INFO    : <proxy 127.0.0.1:1073 is unuseable and fail connect>
2018-05-25 18:16:58,921 INFO    : <proxy 127.0.0.1:1074 is unuseable and fail connect>
2018-05-25 18:16:58,924 INFO    : <proxy 127.0.0.1:1050 is unuseable and fail connect>
2018-05-25 18:16:58,926 INFO    : <proxy 127.0.0.1:1051 is unuseable and fail connect>
2018-05-25 18:16:58,929 INFO    : <proxy 127.0.0.1:1055 is unuseable and fail connect>
2018-05-25 18:16:58,932 INFO    : <proxy 127.0.0.1:1063 is unuseable and fail connect>
2018-05-25 18:16:58,935 INFO    : <proxy 127.0.0.1:1064 is unuseable and fail connect>
2018-05-25 18:16:58,937 INFO    : <proxy 127.0.0.1:1060 is unuseable and fail connect>
2018-05-25 18:16:58,940 INFO    : <proxy 127.0.0.1:1066 is unuseable and fail connect>
2018-05-25 18:17:02,951 INFO    : <proxy 127.0.0.1:1080 is unuseable and fail connect>
2018-05-25 18:17:02,982 INFO    : <proxy 127.0.0.1:1075 is unuseable and fail connect>
2018-05-25 18:17:02,984 INFO    : <proxy 127.0.0.1:1079 is unuseable and fail connect>
2018-05-25 18:17:02,988 INFO    : <proxy 127.0.0.1:1076 is unuseable and fail connect>
2018-05-25 18:17:02,991 INFO    : <proxy 127.0.0.1:1077 is unuseable and fail connect>
2018-05-25 18:17:02,993 INFO    : <proxy 127.0.0.1:1099 is unuseable and fail connect>
2018-05-25 18:17:02,996 INFO    : <proxy 127.0.0.1:1090 is unuseable and fail connect>
2018-05-25 18:17:02,999 INFO    : <proxy 127.0.0.1:1098 is unuseable and fail connect>
2018-05-25 18:17:03,001 INFO    : <proxy 127.0.0.1:1081 is unuseable and fail connect>
2018-05-25 18:17:03,003 INFO    : <proxy 127.0.0.1:1078 is unuseable and fail connect>
2018-05-25 18:17:03,007 INFO    : <proxy 127.0.0.1:1093 is unuseable and fail connect>
2018-05-25 18:17:03,009 INFO    : <proxy 127.0.0.1:1089 is unuseable and fail connect>
2018-05-25 18:17:03,011 INFO    : <proxy 127.0.0.1:1097 is unuseable and fail connect>
2018-05-25 18:17:03,014 INFO    : <proxy 127.0.0.1:1087 is unuseable and fail connect>
2018-05-25 18:17:03,016 INFO    : <proxy 127.0.0.1:1088 is unuseable and fail connect>
2018-05-25 18:17:03,020 INFO    : <proxy 127.0.0.1:1086 is unuseable and fail connect>
2018-05-25 18:17:03,023 INFO    : <proxy 127.0.0.1:1085 is unuseable and fail connect>
2018-05-25 18:17:03,026 INFO    : <proxy 127.0.0.1:1091 is unuseable and fail connect>
2018-05-25 18:17:03,028 INFO    : <proxy 127.0.0.1:1084 is unuseable and fail connect>
2018-05-25 18:17:03,030 INFO    : <proxy 127.0.0.1:1096 is unuseable and fail connect>
2018-05-25 18:17:03,034 INFO    : <proxy 127.0.0.1:1095 is unuseable and fail connect>
2018-05-25 18:17:03,036 INFO    : <proxy 127.0.0.1:1094 is unuseable and fail connect>
2018-05-25 18:17:03,040 INFO    : <proxy 127.0.0.1:1092 is unuseable and fail connect>
2018-05-25 18:17:03,042 INFO    : <proxy 127.0.0.1:1083 is unuseable and fail connect>
2018-05-25 18:17:03,044 INFO    : <proxy 127.0.0.1:1082 is unuseable and fail connect>
2018-05-25 18:17:03,413 INFO    : <proxy 127.0.0.1:2080 is useable>
2018-05-25 18:17:39,151 INFO    : <proxy 127.0.0.1:1011 is unuseable and fail connect>
2018-05-25 18:17:39,155 INFO    : <proxy 127.0.0.1:1013 is unuseable and fail connect>
2018-05-25 18:17:39,159 INFO    : <proxy 127.0.0.1:1012 is unuseable and fail connect>
2018-05-25 18:17:39,161 INFO    : <proxy 127.0.0.1:1014 is unuseable and fail connect>
2018-05-25 18:17:39,165 INFO    : <proxy 127.0.0.1:1016 is unuseable and fail connect>
2018-05-25 18:17:39,167 INFO    : <proxy 127.0.0.1:1015 is unuseable and fail connect>
2018-05-25 18:17:39,169 INFO    : <proxy 127.0.0.1:1017 is unuseable and fail connect>
2018-05-25 18:17:39,172 INFO    : <proxy 127.0.0.1:1021 is unuseable and fail connect>
2018-05-25 18:17:39,176 INFO    : <proxy 127.0.0.1:1023 is unuseable and fail connect>
2018-05-25 18:17:39,178 INFO    : <proxy 127.0.0.1:1022 is unuseable and fail connect>
2018-05-25 18:17:39,180 INFO    : <proxy 127.0.0.1:1018 is unuseable and fail connect>
2018-05-25 18:17:39,182 INFO    : <proxy 127.0.0.1:1020 is unuseable and fail connect>
2018-05-25 18:17:39,184 INFO    : <proxy 127.0.0.1:1025 is unuseable and fail connect>
2018-05-25 18:17:39,187 INFO    : <proxy 127.0.0.1:1024 is unuseable and fail connect>
2018-05-25 18:17:39,190 INFO    : <proxy 127.0.0.1:1026 is unuseable and fail connect>
2018-05-25 18:17:39,193 INFO    : <proxy 127.0.0.1:1027 is unuseable and fail connect>
2018-05-25 18:17:39,195 INFO    : <proxy 127.0.0.1:1029 is unuseable and fail connect>
2018-05-25 18:17:39,198 INFO    : <proxy 127.0.0.1:1036 is unuseable and fail connect>
2018-05-25 18:17:39,201 INFO    : <proxy 127.0.0.1:1037 is unuseable and fail connect>
2018-05-25 18:17:39,204 INFO    : <proxy 127.0.0.1:1019 is unuseable and fail connect>
2018-05-25 18:17:39,206 INFO    : <proxy 127.0.0.1:1038 is unuseable and fail connect>
2018-05-25 18:17:39,209 INFO    : <proxy 127.0.0.1:1028 is unuseable and fail connect>
2018-05-25 18:17:39,212 INFO    : <proxy 127.0.0.1:1039 is unuseable and fail connect>
2018-05-25 18:17:39,215 INFO    : <proxy 127.0.0.1:1035 is unuseable and fail connect>
2018-05-25 18:17:39,218 INFO    : <proxy 127.0.0.1:1032 is unuseable and fail connect>
2018-05-25 18:17:39,220 INFO    : <proxy 127.0.0.1:1030 is unuseable and fail connect>
2018-05-25 18:17:39,222 INFO    : <proxy 127.0.0.1:1040 is unuseable and fail connect>
2018-05-25 18:17:39,225 INFO    : <proxy 127.0.0.1:1034 is unuseable and fail connect>
2018-05-25 18:17:39,227 INFO    : <proxy 127.0.0.1:1041 is unuseable and fail connect>
2018-05-25 18:17:39,230 INFO    : <proxy 127.0.0.1:1042 is unuseable and fail connect>
2018-05-25 18:17:39,232 INFO    : <proxy 127.0.0.1:1033 is unuseable and fail connect>
2018-05-25 18:17:39,234 INFO    : <proxy 127.0.0.1:1031 is unuseable and fail connect>
2018-05-25 18:17:43,264 INFO    : <proxy 127.0.0.1:1044 is unuseable and fail connect>
2018-05-25 18:17:43,268 INFO    : <proxy 127.0.0.1:1051 is unuseable and fail connect>
2018-05-25 18:17:43,271 INFO    : <proxy 127.0.0.1:1045 is unuseable and fail connect>
2018-05-25 18:17:43,273 INFO    : <proxy 127.0.0.1:1048 is unuseable and fail connect>
2018-05-25 18:17:43,276 INFO    : <proxy 127.0.0.1:1046 is unuseable and fail connect>
2018-05-25 18:17:43,279 INFO    : <proxy 127.0.0.1:1043 is unuseable and fail connect>
2018-05-25 18:17:43,282 INFO    : <proxy 127.0.0.1:1047 is unuseable and fail connect>
2018-05-25 18:17:43,285 INFO    : <proxy 127.0.0.1:1061 is unuseable and fail connect>
2018-05-25 18:17:43,287 INFO    : <proxy 127.0.0.1:1062 is unuseable and fail connect>
2018-05-25 18:17:43,290 INFO    : <proxy 127.0.0.1:1060 is unuseable and fail connect>
2018-05-25 18:17:43,292 INFO    : <proxy 127.0.0.1:1059 is unuseable and fail connect>
2018-05-25 18:17:43,295 INFO    : <proxy 127.0.0.1:1058 is unuseable and fail connect>
2018-05-25 18:17:43,298 INFO    : <proxy 127.0.0.1:1066 is unuseable and fail connect>
2018-05-25 18:17:43,301 INFO    : <proxy 127.0.0.1:1065 is unuseable and fail connect>
2018-05-25 18:17:43,303 INFO    : <proxy 127.0.0.1:1057 is unuseable and fail connect>
2018-05-25 18:17:43,306 INFO    : <proxy 127.0.0.1:1056 is unuseable and fail connect>
2018-05-25 18:17:43,309 INFO    : <proxy 127.0.0.1:1055 is unuseable and fail connect>
2018-05-25 18:17:43,311 INFO    : <proxy 127.0.0.1:1067 is unuseable and fail connect>
2018-05-25 18:17:43,314 INFO    : <proxy 127.0.0.1:1069 is unuseable and fail connect>
2018-05-25 18:17:43,317 INFO    : <proxy 127.0.0.1:1064 is unuseable and fail connect>
2018-05-25 18:17:43,319 INFO    : <proxy 127.0.0.1:1063 is unuseable and fail connect>
2018-05-25 18:17:43,321 INFO    : <proxy 127.0.0.1:1054 is unuseable and fail connect>
2018-05-25 18:17:43,324 INFO    : <proxy 127.0.0.1:1053 is unuseable and fail connect>
2018-05-25 18:17:43,326 INFO    : <proxy 127.0.0.1:1052 is unuseable and fail connect>
2018-05-25 18:17:43,328 INFO    : <proxy 127.0.0.1:1070 is unuseable and fail connect>
2018-05-25 18:17:43,329 INFO    : <proxy 127.0.0.1:1071 is unuseable and fail connect>
2018-05-25 18:17:43,332 INFO    : <proxy 127.0.0.1:1050 is unuseable and fail connect>
2018-05-25 18:17:43,334 INFO    : <proxy 127.0.0.1:1049 is unuseable and fail connect>
2018-05-25 18:17:43,336 INFO    : <proxy 127.0.0.1:1068 is unuseable and fail connect>
2018-05-25 18:17:43,339 INFO    : <proxy 127.0.0.1:1072 is unuseable and fail connect>
2018-05-25 18:17:43,341 INFO    : <proxy 127.0.0.1:1073 is unuseable and fail connect>
2018-05-25 18:17:43,343 INFO    : <proxy 127.0.0.1:1074 is unuseable and fail connect>
2018-05-25 18:17:47,385 INFO    : <proxy 127.0.0.1:1075 is unuseable and fail connect>
2018-05-25 18:17:47,387 INFO    : <proxy 127.0.0.1:1078 is unuseable and fail connect>
2018-05-25 18:17:47,390 INFO    : <proxy 127.0.0.1:1076 is unuseable and fail connect>
2018-05-25 18:17:47,396 INFO    : <proxy 127.0.0.1:1092 is unuseable and fail connect>
2018-05-25 18:17:47,398 INFO    : <proxy 127.0.0.1:1081 is unuseable and fail connect>
2018-05-25 18:17:47,401 INFO    : <proxy 127.0.0.1:1090 is unuseable and fail connect>
2018-05-25 18:17:47,404 INFO    : <proxy 127.0.0.1:1093 is unuseable and fail connect>
2018-05-25 18:17:47,407 INFO    : <proxy 127.0.0.1:1094 is unuseable and fail connect>
2018-05-25 18:17:47,410 INFO    : <proxy 127.0.0.1:1089 is unuseable and fail connect>
2018-05-25 18:17:47,417 INFO    : <proxy 127.0.0.1:1095 is unuseable and fail connect>
2018-05-25 18:17:47,420 INFO    : <proxy 127.0.0.1:1088 is unuseable and fail connect>
2018-05-25 18:17:47,422 INFO    : <proxy 127.0.0.1:1096 is unuseable and fail connect>
2018-05-25 18:17:47,424 INFO    : <proxy 127.0.0.1:1087 is unuseable and fail connect>
2018-05-25 18:17:47,427 INFO    : <proxy 127.0.0.1:1097 is unuseable and fail connect>
2018-05-25 18:17:47,429 INFO    : <proxy 127.0.0.1:1098 is unuseable and fail connect>
2018-05-25 18:17:47,431 INFO    : <proxy 127.0.0.1:1079 is unuseable and fail connect>
2018-05-25 18:17:47,434 INFO    : <proxy 127.0.0.1:1085 is unuseable and fail connect>
2018-05-25 18:17:47,440 INFO    : <proxy 127.0.0.1:1086 is unuseable and fail connect>
2018-05-25 18:17:47,443 INFO    : <proxy 127.0.0.1:1084 is unuseable and fail connect>
2018-05-25 18:17:47,445 INFO    : <proxy 127.0.0.1:1083 is unuseable and fail connect>
2018-05-25 18:17:47,448 INFO    : <proxy 127.0.0.1:1082 is unuseable and fail connect>
2018-05-25 18:17:47,450 INFO    : <proxy 127.0.0.1:1091 is unuseable and fail connect>
2018-05-25 18:17:47,452 INFO    : <proxy 127.0.0.1:1077 is unuseable and fail connect>
2018-05-25 18:17:47,454 INFO    : <proxy 127.0.0.1:1099 is unuseable and fail connect>
2018-05-25 18:17:47,502 INFO    : <proxy 127.0.0.1:1080 is unuseable and fail connect>
2018-05-25 18:17:49,214 INFO    : <proxy 127.0.0.1:2080 is unuseable and fail connect>
2018-05-25 18:17:55,306 INFO    : <proxy 127.0.0.1:1012 is unuseable and fail connect>
2018-05-25 18:17:55,310 INFO    : <proxy 127.0.0.1:1015 is unuseable and fail connect>
2018-05-25 18:17:55,314 INFO    : <proxy 127.0.0.1:1013 is unuseable and fail connect>
2018-05-25 18:17:55,317 INFO    : <proxy 127.0.0.1:1018 is unuseable and fail connect>
2018-05-25 18:17:55,319 INFO    : <proxy 127.0.0.1:1017 is unuseable and fail connect>
2018-05-25 18:17:55,321 INFO    : <proxy 127.0.0.1:1019 is unuseable and fail connect>
2018-05-25 18:17:55,324 INFO    : <proxy 127.0.0.1:1011 is unuseable and fail connect>
2018-05-25 18:17:55,326 INFO    : <proxy 127.0.0.1:1016 is unuseable and fail connect>
2018-05-25 18:17:55,329 INFO    : <proxy 127.0.0.1:1014 is unuseable and fail connect>
2018-05-25 18:17:55,332 INFO    : <proxy 127.0.0.1:1020 is unuseable and fail connect>
2018-05-25 18:17:55,336 INFO    : <proxy 127.0.0.1:1027 is unuseable and fail connect>
2018-05-25 18:17:55,338 INFO    : <proxy 127.0.0.1:1021 is unuseable and fail connect>
2018-05-25 18:17:55,342 INFO    : <proxy 127.0.0.1:1028 is unuseable and fail connect>
2018-05-25 18:17:55,344 INFO    : <proxy 127.0.0.1:1024 is unuseable and fail connect>
2018-05-25 18:17:55,347 INFO    : <proxy 127.0.0.1:1029 is unuseable and fail connect>
2018-05-25 18:17:55,350 INFO    : <proxy 127.0.0.1:1026 is unuseable and fail connect>
2018-05-25 18:17:55,352 INFO    : <proxy 127.0.0.1:1022 is unuseable and fail connect>
2018-05-25 18:17:55,354 INFO    : <proxy 127.0.0.1:1030 is unuseable and fail connect>
2018-05-25 18:17:55,360 INFO    : <proxy 127.0.0.1:1023 is unuseable and fail connect>
2018-05-25 18:17:55,363 INFO    : <proxy 127.0.0.1:1031 is unuseable and fail connect>
2018-05-25 18:17:55,367 INFO    : <proxy 127.0.0.1:1025 is unuseable and fail connect>
2018-05-25 18:17:55,370 INFO    : <proxy 127.0.0.1:1032 is unuseable and fail connect>
2018-05-25 18:17:55,373 INFO    : <proxy 127.0.0.1:1033 is unuseable and fail connect>
2018-05-25 18:17:55,375 INFO    : <proxy 127.0.0.1:1034 is unuseable and fail connect>
2018-05-25 18:17:55,377 INFO    : <proxy 127.0.0.1:1035 is unuseable and fail connect>
2018-05-25 18:17:55,380 INFO    : <proxy 127.0.0.1:1036 is unuseable and fail connect>
2018-05-25 18:17:55,383 INFO    : <proxy 127.0.0.1:1037 is unuseable and fail connect>
2018-05-25 18:17:55,386 INFO    : <proxy 127.0.0.1:1038 is unuseable and fail connect>
2018-05-25 18:17:55,389 INFO    : <proxy 127.0.0.1:1039 is unuseable and fail connect>
2018-05-25 18:17:55,392 INFO    : <proxy 127.0.0.1:1040 is unuseable and fail connect>
2018-05-25 18:17:55,396 INFO    : <proxy 127.0.0.1:1041 is unuseable and fail connect>
2018-05-25 18:17:55,399 INFO    : <proxy 127.0.0.1:1042 is unuseable and fail connect>
2018-05-25 18:17:59,441 INFO    : <proxy 127.0.0.1:1043 is unuseable and fail connect>
2018-05-25 18:17:59,445 INFO    : <proxy 127.0.0.1:1051 is unuseable and fail connect>
2018-05-25 18:17:59,447 INFO    : <proxy 127.0.0.1:1050 is unuseable and fail connect>
2018-05-25 18:17:59,449 INFO    : <proxy 127.0.0.1:1049 is unuseable and fail connect>
2018-05-25 18:17:59,451 INFO    : <proxy 127.0.0.1:1048 is unuseable and fail connect>
2018-05-25 18:17:59,457 INFO    : <proxy 127.0.0.1:1047 is unuseable and fail connect>
2018-05-25 18:17:59,459 INFO    : <proxy 127.0.0.1:1046 is unuseable and fail connect>
2018-05-25 18:17:59,463 INFO    : <proxy 127.0.0.1:1045 is unuseable and fail connect>
2018-05-25 18:17:59,466 INFO    : <proxy 127.0.0.1:1044 is unuseable and fail connect>
2018-05-25 18:17:59,469 INFO    : <proxy 127.0.0.1:1073 is unuseable and fail connect>
2018-05-25 18:17:59,472 INFO    : <proxy 127.0.0.1:1072 is unuseable and fail connect>
2018-05-25 18:17:59,474 INFO    : <proxy 127.0.0.1:1059 is unuseable and fail connect>
2018-05-25 18:17:59,478 INFO    : <proxy 127.0.0.1:1071 is unuseable and fail connect>
2018-05-25 18:17:59,480 INFO    : <proxy 127.0.0.1:1074 is unuseable and fail connect>
2018-05-25 18:17:59,482 INFO    : <proxy 127.0.0.1:1057 is unuseable and fail connect>
2018-05-25 18:17:59,485 INFO    : <proxy 127.0.0.1:1070 is unuseable and fail connect>
2018-05-25 18:17:59,487 INFO    : <proxy 127.0.0.1:1056 is unuseable and fail connect>
2018-05-25 18:17:59,490 INFO    : <proxy 127.0.0.1:1069 is unuseable and fail connect>
2018-05-25 18:17:59,493 INFO    : <proxy 127.0.0.1:1055 is unuseable and fail connect>
2018-05-25 18:17:59,496 INFO    : <proxy 127.0.0.1:1068 is unuseable and fail connect>
2018-05-25 18:17:59,498 INFO    : <proxy 127.0.0.1:1052 is unuseable and fail connect>
2018-05-25 18:17:59,500 INFO    : <proxy 127.0.0.1:1062 is unuseable and fail connect>
2018-05-25 18:17:59,502 INFO    : <proxy 127.0.0.1:1061 is unuseable and fail connect>
2018-05-25 18:17:59,506 INFO    : <proxy 127.0.0.1:1067 is unuseable and fail connect>
2018-05-25 18:17:59,508 INFO    : <proxy 127.0.0.1:1066 is unuseable and fail connect>
2018-05-25 18:17:59,512 INFO    : <proxy 127.0.0.1:1060 is unuseable and fail connect>
2018-05-25 18:17:59,514 INFO    : <proxy 127.0.0.1:1054 is unuseable and fail connect>
2018-05-25 18:17:59,516 INFO    : <proxy 127.0.0.1:1053 is unuseable and fail connect>
2018-05-25 18:17:59,519 INFO    : <proxy 127.0.0.1:1058 is unuseable and fail connect>
2018-05-25 18:17:59,521 INFO    : <proxy 127.0.0.1:1063 is unuseable and fail connect>
2018-05-25 18:17:59,524 INFO    : <proxy 127.0.0.1:1064 is unuseable and fail connect>
2018-05-25 18:17:59,528 INFO    : <proxy 127.0.0.1:1065 is unuseable and fail connect>
2018-05-25 18:18:03,543 INFO    : <proxy 127.0.0.1:1080 is unuseable and fail connect>
2018-05-25 18:18:03,566 INFO    : <proxy 127.0.0.1:1075 is unuseable and fail connect>
2018-05-25 18:18:03,569 INFO    : <proxy 127.0.0.1:1077 is unuseable and fail connect>
2018-05-25 18:18:03,572 INFO    : <proxy 127.0.0.1:1076 is unuseable and fail connect>
2018-05-25 18:18:03,574 INFO    : <proxy 127.0.0.1:1079 is unuseable and fail connect>
2018-05-25 18:18:03,578 INFO    : <proxy 127.0.0.1:1078 is unuseable and fail connect>
2018-05-25 18:18:03,582 INFO    : <proxy 127.0.0.1:1089 is unuseable and fail connect>
2018-05-25 18:18:03,587 INFO    : <proxy 127.0.0.1:1088 is unuseable and fail connect>
2018-05-25 18:18:03,589 INFO    : <proxy 127.0.0.1:1094 is unuseable and fail connect>
2018-05-25 18:18:03,592 INFO    : <proxy 127.0.0.1:1098 is unuseable and fail connect>
2018-05-25 18:18:03,599 INFO    : <proxy 127.0.0.1:1095 is unuseable and fail connect>
2018-05-25 18:18:03,601 INFO    : <proxy 127.0.0.1:1096 is unuseable and fail connect>
2018-05-25 18:18:03,604 INFO    : <proxy 127.0.0.1:1097 is unuseable and fail connect>
2018-05-25 18:18:03,606 INFO    : <proxy 127.0.0.1:1087 is unuseable and fail connect>
2018-05-25 18:18:03,608 INFO    : <proxy 127.0.0.1:1086 is unuseable and fail connect>
2018-05-25 18:18:03,612 INFO    : <proxy 127.0.0.1:1085 is unuseable and fail connect>
2018-05-25 18:18:03,617 INFO    : <proxy 127.0.0.1:1084 is unuseable and fail connect>
2018-05-25 18:18:03,621 INFO    : <proxy 127.0.0.1:1092 is unuseable and fail connect>
2018-05-25 18:18:03,624 INFO    : <proxy 127.0.0.1:1083 is unuseable and fail connect>
2018-05-25 18:18:03,630 INFO    : <proxy 127.0.0.1:1082 is unuseable and fail connect>
2018-05-25 18:18:03,633 INFO    : <proxy 127.0.0.1:1091 is unuseable and fail connect>
2018-05-25 18:18:03,636 INFO    : <proxy 127.0.0.1:1090 is unuseable and fail connect>
2018-05-25 18:18:03,638 INFO    : <proxy 127.0.0.1:1099 is unuseable and fail connect>
2018-05-25 18:18:03,642 INFO    : <proxy 127.0.0.1:1093 is unuseable and fail connect>
2018-05-25 18:18:03,644 INFO    : <proxy 127.0.0.1:1081 is unuseable and fail connect>
2018-05-25 18:18:04,869 INFO    : <proxy 127.0.0.1:2080 is useable>
2018-05-25 18:18:33,178 INFO    : <proxy 127.0.0.1:1011 is unuseable and fail connect>
2018-05-25 18:18:33,183 INFO    : <proxy 127.0.0.1:1012 is unuseable and fail connect>
2018-05-25 18:18:33,186 INFO    : <proxy 127.0.0.1:1019 is unuseable and fail connect>
2018-05-25 18:18:33,189 INFO    : <proxy 127.0.0.1:1022 is unuseable and fail connect>
2018-05-25 18:18:33,192 INFO    : <proxy 127.0.0.1:1020 is unuseable and fail connect>
2018-05-25 18:18:33,194 INFO    : <proxy 127.0.0.1:1018 is unuseable and fail connect>
2018-05-25 18:18:33,197 INFO    : <proxy 127.0.0.1:1013 is unuseable and fail connect>
2018-05-25 18:18:33,199 INFO    : <proxy 127.0.0.1:1016 is unuseable and fail connect>
2018-05-25 18:18:33,202 INFO    : <proxy 127.0.0.1:1015 is unuseable and fail connect>
2018-05-25 18:18:33,204 INFO    : <proxy 127.0.0.1:1014 is unuseable and fail connect>
2018-05-25 18:18:33,208 INFO    : <proxy 127.0.0.1:1021 is unuseable and fail connect>
2018-05-25 18:18:33,209 INFO    : <proxy 127.0.0.1:1023 is unuseable and fail connect>
2018-05-25 18:18:33,212 INFO    : <proxy 127.0.0.1:1017 is unuseable and fail connect>
2018-05-25 18:18:33,214 INFO    : <proxy 127.0.0.1:1025 is unuseable and fail connect>
2018-05-25 18:18:33,216 INFO    : <proxy 127.0.0.1:1026 is unuseable and fail connect>
2018-05-25 18:18:33,218 INFO    : <proxy 127.0.0.1:1024 is unuseable and fail connect>
2018-05-25 18:18:33,220 INFO    : <proxy 127.0.0.1:1029 is unuseable and fail connect>
2018-05-25 18:18:33,222 INFO    : <proxy 127.0.0.1:1041 is unuseable and fail connect>
2018-05-25 18:18:33,225 INFO    : <proxy 127.0.0.1:1042 is unuseable and fail connect>
2018-05-25 18:18:33,227 INFO    : <proxy 127.0.0.1:1027 is unuseable and fail connect>
2018-05-25 18:18:33,231 INFO    : <proxy 127.0.0.1:1028 is unuseable and fail connect>
2018-05-25 18:18:33,235 INFO    : <proxy 127.0.0.1:1030 is unuseable and fail connect>
2018-05-25 18:18:33,237 INFO    : <proxy 127.0.0.1:1031 is unuseable and fail connect>
2018-05-25 18:18:33,239 INFO    : <proxy 127.0.0.1:1032 is unuseable and fail connect>
2018-05-25 18:18:33,243 INFO    : <proxy 127.0.0.1:1033 is unuseable and fail connect>
2018-05-25 18:18:33,245 INFO    : <proxy 127.0.0.1:1034 is unuseable and fail connect>
2018-05-25 18:18:33,249 INFO    : <proxy 127.0.0.1:1035 is unuseable and fail connect>
2018-05-25 18:18:33,252 INFO    : <proxy 127.0.0.1:1036 is unuseable and fail connect>
2018-05-25 18:18:33,254 INFO    : <proxy 127.0.0.1:1037 is unuseable and fail connect>
2018-05-25 18:18:33,256 INFO    : <proxy 127.0.0.1:1038 is unuseable and fail connect>
2018-05-25 18:18:33,258 INFO    : <proxy 127.0.0.1:1039 is unuseable and fail connect>
2018-05-25 18:18:33,262 INFO    : <proxy 127.0.0.1:1040 is unuseable and fail connect>
2018-05-25 18:18:37,294 INFO    : <proxy 127.0.0.1:1045 is unuseable and fail connect>
2018-05-25 18:18:37,296 INFO    : <proxy 127.0.0.1:1043 is unuseable and fail connect>
2018-05-25 18:18:37,299 INFO    : <proxy 127.0.0.1:1047 is unuseable and fail connect>
2018-05-25 18:18:37,301 INFO    : <proxy 127.0.0.1:1049 is unuseable and fail connect>
2018-05-25 18:18:37,303 INFO    : <proxy 127.0.0.1:1044 is unuseable and fail connect>
2018-05-25 18:18:37,307 INFO    : <proxy 127.0.0.1:1072 is unuseable and fail connect>
2018-05-25 18:18:37,310 INFO    : <proxy 127.0.0.1:1046 is unuseable and fail connect>
2018-05-25 18:18:37,312 INFO    : <proxy 127.0.0.1:1048 is unuseable and fail connect>
2018-05-25 18:18:37,315 INFO    : <proxy 127.0.0.1:1050 is unuseable and fail connect>
2018-05-25 18:18:37,317 INFO    : <proxy 127.0.0.1:1051 is unuseable and fail connect>
2018-05-25 18:18:37,319 INFO    : <proxy 127.0.0.1:1052 is unuseable and fail connect>
2018-05-25 18:18:37,322 INFO    : <proxy 127.0.0.1:1053 is unuseable and fail connect>
2018-05-25 18:18:37,325 INFO    : <proxy 127.0.0.1:1054 is unuseable and fail connect>
2018-05-25 18:18:37,328 INFO    : <proxy 127.0.0.1:1055 is unuseable and fail connect>
2018-05-25 18:18:37,331 INFO    : <proxy 127.0.0.1:1071 is unuseable and fail connect>
2018-05-25 18:18:37,335 INFO    : <proxy 127.0.0.1:1056 is unuseable and fail connect>
2018-05-25 18:18:37,337 INFO    : <proxy 127.0.0.1:1057 is unuseable and fail connect>
2018-05-25 18:18:37,339 INFO    : <proxy 127.0.0.1:1069 is unuseable and fail connect>
2018-05-25 18:18:37,342 INFO    : <proxy 127.0.0.1:1058 is unuseable and fail connect>
2018-05-25 18:18:37,345 INFO    : <proxy 127.0.0.1:1068 is unuseable and fail connect>
2018-05-25 18:18:37,348 INFO    : <proxy 127.0.0.1:1065 is unuseable and fail connect>
2018-05-25 18:18:37,351 INFO    : <proxy 127.0.0.1:1059 is unuseable and fail connect>
2018-05-25 18:18:37,353 INFO    : <proxy 127.0.0.1:1060 is unuseable and fail connect>
2018-05-25 18:18:37,355 INFO    : <proxy 127.0.0.1:1067 is unuseable and fail connect>
2018-05-25 18:18:37,357 INFO    : <proxy 127.0.0.1:1061 is unuseable and fail connect>
2018-05-25 18:18:37,360 INFO    : <proxy 127.0.0.1:1066 is unuseable and fail connect>
2018-05-25 18:18:37,363 INFO    : <proxy 127.0.0.1:1073 is unuseable and fail connect>
2018-05-25 18:18:37,365 INFO    : <proxy 127.0.0.1:1062 is unuseable and fail connect>
2018-05-25 18:18:37,367 INFO    : <proxy 127.0.0.1:1064 is unuseable and fail connect>
2018-05-25 18:18:37,369 INFO    : <proxy 127.0.0.1:1063 is unuseable and fail connect>
2018-05-25 18:18:37,372 INFO    : <proxy 127.0.0.1:1074 is unuseable and fail connect>
2018-05-25 18:18:37,375 INFO    : <proxy 127.0.0.1:1070 is unuseable and fail connect>
2018-05-25 18:18:41,392 INFO    : <proxy 127.0.0.1:1080 is unuseable and fail connect>
2018-05-25 18:18:41,412 INFO    : <proxy 127.0.0.1:1075 is unuseable and fail connect>
2018-05-25 18:18:41,415 INFO    : <proxy 127.0.0.1:1076 is unuseable and fail connect>
2018-05-25 18:18:41,419 INFO    : <proxy 127.0.0.1:1077 is unuseable and fail connect>
2018-05-25 18:18:41,422 INFO    : <proxy 127.0.0.1:1078 is unuseable and fail connect>
2018-05-25 18:18:41,427 INFO    : <proxy 127.0.0.1:1082 is unuseable and fail connect>
2018-05-25 18:18:41,431 INFO    : <proxy 127.0.0.1:1085 is unuseable and fail connect>
2018-05-25 18:18:41,433 INFO    : <proxy 127.0.0.1:1086 is unuseable and fail connect>
2018-05-25 18:18:41,436 INFO    : <proxy 127.0.0.1:1084 is unuseable and fail connect>
2018-05-25 18:18:41,439 INFO    : <proxy 127.0.0.1:1090 is unuseable and fail connect>
2018-05-25 18:18:41,441 INFO    : <proxy 127.0.0.1:1079 is unuseable and fail connect>
2018-05-25 18:18:41,443 INFO    : <proxy 127.0.0.1:1081 is unuseable and fail connect>
2018-05-25 18:18:41,445 INFO    : <proxy 127.0.0.1:1089 is unuseable and fail connect>
2018-05-25 18:18:41,448 INFO    : <proxy 127.0.0.1:1091 is unuseable and fail connect>
2018-05-25 18:18:41,451 INFO    : <proxy 127.0.0.1:1083 is unuseable and fail connect>
2018-05-25 18:18:41,453 INFO    : <proxy 127.0.0.1:1088 is unuseable and fail connect>
2018-05-25 18:18:41,455 INFO    : <proxy 127.0.0.1:1087 is unuseable and fail connect>
2018-05-25 18:18:41,459 INFO    : <proxy 127.0.0.1:1092 is unuseable and fail connect>
2018-05-25 18:18:41,461 INFO    : <proxy 127.0.0.1:1093 is unuseable and fail connect>
2018-05-25 18:18:41,463 INFO    : <proxy 127.0.0.1:1094 is unuseable and fail connect>
2018-05-25 18:18:41,466 INFO    : <proxy 127.0.0.1:1095 is unuseable and fail connect>
2018-05-25 18:18:41,468 INFO    : <proxy 127.0.0.1:1096 is unuseable and fail connect>
2018-05-25 18:18:41,470 INFO    : <proxy 127.0.0.1:1097 is unuseable and fail connect>
2018-05-25 18:18:41,475 INFO    : <proxy 127.0.0.1:1098 is unuseable and fail connect>
2018-05-25 18:18:41,477 INFO    : <proxy 127.0.0.1:1099 is unuseable and fail connect>
2018-05-25 18:18:41,513 INFO    : <proxy 127.0.0.1:2080 is useable>
2018-05-28 09:59:47,682 INFO    : 添加 代理成功 115.218.218.168:9000
2018-05-28 09:59:47,685 INFO    : 添加 代理成功 115.223.247.140:9000
2018-05-28 09:59:47,687 INFO    : 添加 代理成功 114.234.80.254:9000
2018-05-28 09:59:47,689 INFO    : 添加 代理成功 121.232.199.165:9000
2018-05-28 09:59:47,691 INFO    : 添加 代理成功 115.223.215.196:9000
2018-05-28 09:59:47,693 INFO    : 添加 代理成功 61.145.194.26:8080
2018-05-28 09:59:47,694 INFO    : 添加 代理成功 101.71.225.101:9000
2018-05-28 09:59:47,696 INFO    : 添加 代理成功 180.118.86.137:9000
2018-05-28 09:59:47,698 INFO    : 添加 代理成功 180.118.135.117:9000
2018-05-28 09:59:47,700 INFO    : 添加 代理成功 180.118.135.241:9000
2018-05-28 09:59:47,701 INFO    : 添加 代理成功 117.90.2.104:9000
2018-05-28 09:59:47,703 INFO    : 添加 代理成功 115.218.122.187:9000
2018-05-28 09:59:47,704 INFO    : 添加 代理成功 115.218.123.200:9000
2018-05-28 09:59:47,706 INFO    : 添加 代理成功 171.92.53.164:9000
2018-05-28 09:59:47,708 INFO    : 添加 代理成功 121.232.148.118:9000
2018-05-28 09:59:55,076 INFO    : 添加 代理成功 115.218.218.168:9000
2018-05-28 09:59:55,079 INFO    : 添加 代理成功 115.223.247.140:9000
2018-05-28 09:59:55,080 INFO    : 添加 代理成功 114.234.80.254:9000
2018-05-28 09:59:55,082 INFO    : 添加 代理成功 121.232.199.165:9000
2018-05-28 09:59:55,084 INFO    : 添加 代理成功 115.223.215.196:9000
2018-05-28 09:59:55,085 INFO    : 添加 代理成功 61.145.194.26:8080
2018-05-28 09:59:55,086 INFO    : 添加 代理成功 101.71.225.101:9000
2018-05-28 09:59:55,088 INFO    : 添加 代理成功 180.118.86.137:9000
2018-05-28 09:59:55,089 INFO    : 添加 代理成功 180.118.135.117:9000
2018-05-28 09:59:55,091 INFO    : 添加 代理成功 180.118.135.241:9000
2018-05-28 09:59:55,092 INFO    : 添加 代理成功 117.90.2.104:9000
2018-05-28 09:59:55,094 INFO    : 添加 代理成功 115.218.122.187:9000
2018-05-28 09:59:55,095 INFO    : 添加 代理成功 115.218.123.200:9000
2018-05-28 09:59:55,097 INFO    : 添加 代理成功 171.92.53.164:9000
2018-05-28 09:59:55,098 INFO    : 添加 代理成功 121.232.148.118:9000
2018-05-28 10:07:52,506 INFO    : 添加 代理成功 115.218.218.168:9000
2018-05-28 10:07:52,508 INFO    : 添加 代理成功 115.223.247.140:9000
2018-05-28 10:07:52,510 INFO    : 添加 代理成功 114.234.80.254:9000
2018-05-28 10:07:52,512 INFO    : 添加 代理成功 121.232.199.165:9000
2018-05-28 10:07:52,513 INFO    : 添加 代理成功 115.223.215.196:9000
2018-05-28 10:07:52,515 INFO    : 添加 代理成功 61.145.194.26:8080
2018-05-28 10:07:52,517 INFO    : 添加 代理成功 101.71.225.101:9000
2018-05-28 10:07:52,519 INFO    : 添加 代理成功 180.118.86.137:9000
2018-05-28 10:07:52,521 INFO    : 添加 代理成功 180.118.135.117:9000
2018-05-28 10:07:52,523 INFO    : 添加 代理成功 180.118.135.241:9000
2018-05-28 10:07:52,525 INFO    : 添加 代理成功 117.90.2.104:9000
2018-05-28 10:07:52,526 INFO    : 添加 代理成功 115.218.122.187:9000
2018-05-28 10:07:52,528 INFO    : 添加 代理成功 115.218.123.200:9000
2018-05-28 10:07:52,530 INFO    : 添加 代理成功 171.92.53.164:9000
2018-05-28 10:07:52,531 INFO    : 添加 代理成功 121.232.148.118:9000
